#
# There is insufficient memory for the Java Runtime Environment to continue.
# Native memory allocation (mmap) failed to map 46137344 bytes. Error detail: G1 virtual space
# Possible reasons:
#   The system is out of physical RAM or swap space
#   This process is running with CompressedOops enabled, and the Java Heap may be blocking the growth of the native heap
# Possible solutions:
#   Reduce memory load on the system
#   Increase physical memory or swap space
#   Check if swap backing store is full
#   Decrease Java heap size (-Xmx/-Xms)
#   Decrease number of Java threads
#   Decrease Java thread stack sizes (-Xss)
#   Set larger code cache with -XX:ReservedCodeCacheSize=
#   JVM is running with Zero Based Compressed Oops mode in which the Java heap is
#     placed in the first 32GB address space. The Java Heap base address is the
#     maximum limit for the native heap growth. Please use -XX:HeapBaseMinAddress
#     to set the Java Heap base and to place the Java Heap above 32GB virtual address.
# This output file may be truncated or incomplete.
#
#  Out of Memory Error (os_windows.cpp:3686), pid=20376, tid=3316
#
# JRE version: OpenJDK Runtime Environment Temurin-21.0.6+7 (21.0.6+7) (build 21.0.6+7-LTS)
# Java VM: OpenJDK 64-Bit Server VM Temurin-21.0.6+7 (21.0.6+7-LTS, mixed mode, emulated-client, sharing, tiered, compressed oops, compressed class ptrs, g1 gc, windows-amd64)
# No core dump will be written. Minidumps are not enabled by default on client versions of Windows
#

---------------  S U M M A R Y ------------

Command Line: -Dcom.sun.management.jmxremote -Dcom.sun.management.jmxremote.port=2748 -Dcom.sun.management.jmxremote.authenticate=false -Dcom.sun.management.jmxremote.ssl=false -Djava.rmi.server.hostname=localhost -Dspring.jmx.enabled=true -Dmanagement.endpoints.jmx.exposure.include=* -Dspring.application.admin.enabled=true -Dspring.output.ansi.enabled=always -XX:TieredStopAtLevel=1 -Dspring.boot.project.name=team_berp -Dfile.encoding=UTF-8 -Dstdout.encoding=UTF-8 -Dstderr.encoding=UTF-8 -XX:+ShowCodeDetailsInExceptionMessages com.team.berp.TeamBerpApplication

Host: AMD Ryzen 5 5500U with Radeon Graphics         , 12 cores, 11G,  Windows 11 , 64 bit Build 26100 (10.0.26100.3775)
Time: Fri May 30 11:18:15 2025  Windows 11 , 64 bit Build 26100 (10.0.26100.3775) elapsed time: 10.159385 seconds (0d 0h 0m 10s)

---------------  T H R E A D  ---------------

Current thread (0x00000205c1bd9d20):  VMThread "VM Thread"          [id=3316, stack(0x000000652c000000,0x000000652c100000) (1024K)]

Stack: [0x000000652c000000,0x000000652c100000]
Native frames: (J=compiled Java code, j=interpreted, Vv=VM code, C=native code)
V  [jvm.dll+0x6cdee9]
V  [jvm.dll+0x8a83d1]
V  [jvm.dll+0x8aa8fe]
V  [jvm.dll+0x8aafe3]
V  [jvm.dll+0x27f706]
V  [jvm.dll+0x6ca755]
V  [jvm.dll+0x6bea3a]
V  [jvm.dll+0x355d6a]
V  [jvm.dll+0x35d936]
V  [jvm.dll+0x3af58e]
V  [jvm.dll+0x3af838]
V  [jvm.dll+0x329efc]
V  [jvm.dll+0x329f87]
V  [jvm.dll+0x36dd4c]
V  [jvm.dll+0x36c598]
V  [jvm.dll+0x3296c1]
V  [jvm.dll+0x36bc0a]
V  [jvm.dll+0x8b0cff]
V  [jvm.dll+0x8b2084]
V  [jvm.dll+0x8b25c0]
V  [jvm.dll+0x8b2863]
V  [jvm.dll+0x851f8b]
V  [jvm.dll+0x6cc5ed]
C  [ucrtbase.dll+0x37b0]
C  [KERNEL32.DLL+0x2e8d7]
C  [ntdll.dll+0xb14fc]

VM_Operation (0x000000652d8f7fe0): G1CollectForAllocation, mode: safepoint, requested by thread 0x00000205c1c092b0


---------------  P R O C E S S  ---------------

Threads class SMR info:
_java_thread_list=0x0000020609314eb0, length=28, elements={
0x00000205b4163d90, 0x00000205c1bf8fb0, 0x00000205c1bf9610, 0x00000205c1bfba40,
0x00000205c1bfc450, 0x00000205c1c02630, 0x00000205c1c07870, 0x00000205c1c1e310,
0x00000205c1c071e0, 0x00000206070b4cc0, 0x00000206070b7c70, 0x00000205c1c07f00,
0x00000206070b5390, 0x00000205c1c08590, 0x00000205c1c064c0, 0x00000205c1c08c20,
0x00000205c1c06b50, 0x00000205c1c092b0, 0x00000205c1c09940, 0x0000020607c00df0,
0x0000020607c021a0, 0x0000020607c000d0, 0x0000020607c01480, 0x0000020607c01b10,
0x0000020607c02830, 0x0000020607c03550, 0x0000020607c03be0, 0x0000020607c00760
}

Java Threads: ( => current thread )
  0x00000205b4163d90 JavaThread "main"                              [_thread_blocked, id=18196, stack(0x000000652b900000,0x000000652ba00000) (1024K)]
  0x00000205c1bf8fb0 JavaThread "Reference Handler"          daemon [_thread_blocked, id=46788, stack(0x000000652c100000,0x000000652c200000) (1024K)]
  0x00000205c1bf9610 JavaThread "Finalizer"                  daemon [_thread_blocked, id=36352, stack(0x000000652c200000,0x000000652c300000) (1024K)]
  0x00000205c1bfba40 JavaThread "Signal Dispatcher"          daemon [_thread_blocked, id=25900, stack(0x000000652c300000,0x000000652c400000) (1024K)]
  0x00000205c1bfc450 JavaThread "Attach Listener"            daemon [_thread_blocked, id=1344, stack(0x000000652c400000,0x000000652c500000) (1024K)]
  0x00000205c1c02630 JavaThread "Service Thread"             daemon [_thread_blocked, id=16400, stack(0x000000652c500000,0x000000652c600000) (1024K)]
  0x00000205c1c07870 JavaThread "Monitor Deflation Thread"   daemon [_thread_blocked, id=16300, stack(0x000000652c600000,0x000000652c700000) (1024K)]
  0x00000205c1c1e310 JavaThread "C1 CompilerThread0"         daemon [_thread_blocked, id=45440, stack(0x000000652c700000,0x000000652c800000) (1024K)]
  0x00000205c1c071e0 JavaThread "Common-Cleaner"             daemon [_thread_blocked, id=1504, stack(0x000000652c800000,0x000000652c900000) (1024K)]
  0x00000206070b4cc0 JavaThread "C1 CompilerThread1"         daemon [_thread_blocked, id=38576, stack(0x000000652c900000,0x000000652ca00000) (1024K)]
  0x00000206070b7c70 JavaThread "C1 CompilerThread2"         daemon [_thread_blocked, id=47608, stack(0x000000652ca00000,0x000000652cb00000) (1024K)]
  0x00000205c1c07f00 JavaThread "Notification Thread"        daemon [_thread_blocked, id=45308, stack(0x000000652cb00000,0x000000652cc00000) (1024K)]
  0x00000206070b5390 JavaThread "C1 CompilerThread3"         daemon [_thread_blocked, id=42444, stack(0x000000652cc00000,0x000000652cd00000) (1024K)]
  0x00000205c1c08590 JavaThread "RMI TCP Accept-0"           daemon [_thread_in_native, id=42556, stack(0x000000652cd00000,0x000000652ce00000) (1024K)]
  0x00000205c1c064c0 JavaThread "RMI TCP Accept-2748"        daemon [_thread_in_native, id=35964, stack(0x000000652ce00000,0x000000652cf00000) (1024K)]
  0x00000205c1c08c20 JavaThread "RMI TCP Accept-0"           daemon [_thread_in_native, id=32392, stack(0x000000652cf00000,0x000000652d000000) (1024K)]
  0x00000205c1c06b50 JavaThread "Thread-0"                          [_thread_blocked, id=36676, stack(0x000000652d700000,0x000000652d800000) (1024K)]
  0x00000205c1c092b0 JavaThread "restartedMain"                     [_thread_blocked, id=6520, stack(0x000000652d800000,0x000000652d900000) (1024K)]
  0x00000205c1c09940 JavaThread "RMI TCP Connection(1)-127.0.0.1" daemon [_thread_in_native, id=36672, stack(0x000000652d900000,0x000000652da00000) (1024K)]
  0x0000020607c00df0 JavaThread "RMI Scheduler(0)"           daemon [_thread_blocked, id=25224, stack(0x000000652da00000,0x000000652db00000) (1024K)]
  0x0000020607c021a0 JavaThread "RMI TCP Connection(2)-127.0.0.1" daemon [_thread_blocked, id=35620, stack(0x000000652db00000,0x000000652dc00000) (1024K)]
  0x0000020607c000d0 JavaThread "JMX server connection timeout 38" daemon [_thread_blocked, id=30244, stack(0x000000652dc00000,0x000000652dd00000) (1024K)]
  0x0000020607c01480 JavaThread "Catalina-utility-1"                [_thread_blocked, id=42352, stack(0x000000652df00000,0x000000652e000000) (1024K)]
  0x0000020607c01b10 JavaThread "Catalina-utility-2"                [_thread_blocked, id=18508, stack(0x000000652e200000,0x000000652e300000) (1024K)]
  0x0000020607c02830 JavaThread "container-0"                       [_thread_blocked, id=23404, stack(0x000000652e300000,0x000000652e400000) (1024K)]
  0x0000020607c03550 JavaThread "mysql-cj-abandoned-connection-cleanup" daemon [_thread_blocked, id=38156, stack(0x000000652e400000,0x000000652e500000) (1024K)]
  0x0000020607c03be0 JavaThread "HikariPool-1 housekeeper"   daemon [_thread_blocked, id=2780, stack(0x000000652e600000,0x000000652e700000) (1024K)]
  0x0000020607c00760 JavaThread "HikariPool-1 connection adder" daemon [_thread_blocked, id=30012, stack(0x000000652e700000,0x000000652e800000) (1024K)]
Total: 28

Other Threads:
=>0x00000205c1bd9d20 VMThread "VM Thread"                           [id=3316, stack(0x000000652c000000,0x000000652c100000) (1024K)]
  0x00000205c1bcbab0 WatcherThread "VM Periodic Task Thread"        [id=30036, stack(0x000000652bf00000,0x000000652c000000) (1024K)]
  0x00000205b41b7d20 WorkerThread "GC Thread#0"                     [id=43700, stack(0x000000652ba00000,0x000000652bb00000) (1024K)]
  0x0000020607790df0 WorkerThread "GC Thread#1"                     [id=35104, stack(0x000000652d000000,0x000000652d100000) (1024K)]
  0x00000206077959b0 WorkerThread "GC Thread#2"                     [id=47052, stack(0x000000652d100000,0x000000652d200000) (1024K)]
  0x0000020607750e90 WorkerThread "GC Thread#3"                     [id=18284, stack(0x000000652d200000,0x000000652d300000) (1024K)]
  0x00000206077ceb80 WorkerThread "GC Thread#4"                     [id=36944, stack(0x000000652d300000,0x000000652d400000) (1024K)]
  0x00000206077cf330 WorkerThread "GC Thread#5"                     [id=5132, stack(0x000000652d400000,0x000000652d500000) (1024K)]
  0x00000206077cf6d0 WorkerThread "GC Thread#6"                     [id=46340, stack(0x000000652d500000,0x000000652d600000) (1024K)]
  0x00000206077cfa70 WorkerThread "GC Thread#7"                     [id=38404, stack(0x000000652d600000,0x000000652d700000) (1024K)]
  0x0000020607cfa600 WorkerThread "GC Thread#8"                     [id=20348, stack(0x000000652dd00000,0x000000652de00000) (1024K)]
  0x0000020607cf9780 WorkerThread "GC Thread#9"                     [id=29648, stack(0x000000652de00000,0x000000652df00000) (1024K)]
  0x00000205b41c4340 ConcurrentGCThread "G1 Main Marker"            [id=44028, stack(0x000000652bb00000,0x000000652bc00000) (1024K)]
  0x00000205b41c7310 WorkerThread "G1 Conc#0"                       [id=14284, stack(0x000000652bc00000,0x000000652bd00000) (1024K)]
  0x0000020607cf93e0 WorkerThread "G1 Conc#1"                       [id=29852, stack(0x000000652e000000,0x000000652e100000) (1024K)]
  0x0000020607cf9040 WorkerThread "G1 Conc#2"                       [id=24904, stack(0x000000652e100000,0x000000652e200000) (1024K)]
  0x00000205c1a9a190 ConcurrentGCThread "G1 Refine#0"               [id=43900, stack(0x000000652bd00000,0x000000652be00000) (1024K)]
  0x00000205c1a9a7b0 ConcurrentGCThread "G1 Service"                [id=15176, stack(0x000000652be00000,0x000000652bf00000) (1024K)]
Total: 18

Threads with active compile tasks:
Total: 0

VM state: at safepoint (normal execution)

VM Mutex/Monitor currently owned by a thread:  ([mutex/lock_event])
[0x00007ffd3f8de380] Threads_lock - owner thread: 0x00000205c1bd9d20
[0x00007ffd3f8de480] Heap_lock - owner thread: 0x00000205c1c092b0

Heap address: 0x0000000749c00000, size: 2916 MB, Compressed Oops mode: Zero based, Oop shift amount: 3

CDS archive(s) mapped at: [0x00000205c2000000-0x00000205c2c80000-0x00000205c2c80000), size 13107200, SharedBaseAddress: 0x00000205c2000000, ArchiveRelocationMode: 1.
Compressed class space mapped at: 0x00000205c3000000-0x0000020603000000, reserved size: 1073741824
Narrow klass base: 0x00000205c2000000, Narrow klass shift: 0, Narrow klass range: 0x100000000

GC Precious Log:
 CardTable entry size: 512
 Card Set container configuration: InlinePtr #cards 4 size 8 Array Of Cards #cards 16 size 48 Howl #buckets 8 coarsen threshold 3686 Howl Bitmap #cards 512 size 80 coarsen threshold 460 Card regions per heap region 1 cards per card region 4096
 CPUs: 12 total, 12 available
 Memory: 11659M
 Large Page Support: Disabled
 NUMA Support: Disabled
 Compressed Oops: Enabled (Zero based)
 Heap Region Size: 2M
 Heap Min Capacity: 8M
 Heap Initial Capacity: 184M
 Heap Max Capacity: 2916M
 Pre-touch: Disabled
 Parallel Workers: 10
 Concurrent Workers: 3
 Concurrent Refinement Workers: 10
 Periodic GC: Disabled

Heap:
 garbage-first heap   total 202752K, used 89985K [0x0000000749c00000, 0x0000000800000000)
  region size 2048K, 1 young (2048K), 1 survivors (2048K)
 Metaspace       used 72216K, committed 72896K, reserved 1114112K
  class space    used 10367K, committed 10688K, reserved 1048576K

Heap Regions: E=young(eden), S=young(survivor), O=old, HS=humongous(starts), HC=humongous(continues), CS=collection set, F=free, TAMS=top-at-mark-start, PB=parsable bottom
|   0|0x0000000749c00000, 0x0000000749e00000, 0x0000000749e00000|100%| O|  |TAMS 0x0000000749c00000| PB 0x0000000749c00000| Untracked 
|   1|0x0000000749e00000, 0x000000074a000000, 0x000000074a000000|100%| O|  |TAMS 0x0000000749e00000| PB 0x0000000749e00000| Untracked 
|   2|0x000000074a000000, 0x000000074a200000, 0x000000074a200000|100%| O|  |TAMS 0x000000074a000000| PB 0x000000074a000000| Untracked 
|   3|0x000000074a200000, 0x000000074a3f47b8, 0x000000074a400000| 97%| O|  |TAMS 0x000000074a200000| PB 0x000000074a200000| Untracked 
|   4|0x000000074a400000, 0x000000074a600000, 0x000000074a600000|100%| O|  |TAMS 0x000000074a400000| PB 0x000000074a400000| Untracked 
|   5|0x000000074a600000, 0x000000074a800000, 0x000000074a800000|100%| O|  |TAMS 0x000000074a600000| PB 0x000000074a600000| Untracked 
|   6|0x000000074a800000, 0x000000074aa00000, 0x000000074aa00000|100%| O|  |TAMS 0x000000074a800000| PB 0x000000074a800000| Untracked 
|   7|0x000000074aa00000, 0x000000074ac00000, 0x000000074ac00000|100%| O|  |TAMS 0x000000074aa00000| PB 0x000000074aa00000| Untracked 
|   8|0x000000074ac00000, 0x000000074ae00000, 0x000000074ae00000|100%| O|  |TAMS 0x000000074ac00000| PB 0x000000074ac00000| Untracked 
|   9|0x000000074ae00000, 0x000000074b000000, 0x000000074b000000|100%| O|  |TAMS 0x000000074ae00000| PB 0x000000074ae00000| Untracked 
|  10|0x000000074b000000, 0x000000074b200000, 0x000000074b200000|100%| O|  |TAMS 0x000000074b000000| PB 0x000000074b000000| Untracked 
|  11|0x000000074b200000, 0x000000074b400000, 0x000000074b400000|100%| O|  |TAMS 0x000000074b200000| PB 0x000000074b200000| Untracked 
|  12|0x000000074b400000, 0x000000074b600000, 0x000000074b600000|100%| O|  |TAMS 0x000000074b400000| PB 0x000000074b400000| Untracked 
|  13|0x000000074b600000, 0x000000074b800000, 0x000000074b800000|100%| O|  |TAMS 0x000000074b600000| PB 0x000000074b600000| Untracked 
|  14|0x000000074b800000, 0x000000074ba00000, 0x000000074ba00000|100%| O|  |TAMS 0x000000074b800000| PB 0x000000074b800000| Untracked 
|  15|0x000000074ba00000, 0x000000074bc00000, 0x000000074bc00000|100%| O|  |TAMS 0x000000074ba00000| PB 0x000000074ba00000| Untracked 
|  16|0x000000074bc00000, 0x000000074be00000, 0x000000074be00000|100%| O|  |TAMS 0x000000074bc00000| PB 0x000000074bc00000| Untracked 
|  17|0x000000074be00000, 0x000000074c000000, 0x000000074c000000|100%| O|  |TAMS 0x000000074be00000| PB 0x000000074be00000| Untracked 
|  18|0x000000074c000000, 0x000000074c200000, 0x000000074c200000|100%| O|  |TAMS 0x000000074c000000| PB 0x000000074c000000| Untracked 
|  19|0x000000074c200000, 0x000000074c200000, 0x000000074c400000|  0%| F|  |TAMS 0x000000074c200000| PB 0x000000074c200000| Untracked 
|  20|0x000000074c400000, 0x000000074c600000, 0x000000074c600000|100%| O|  |TAMS 0x000000074c400000| PB 0x000000074c400000| Untracked 
|  21|0x000000074c600000, 0x000000074c800000, 0x000000074c800000|100%| O|  |TAMS 0x000000074c600000| PB 0x000000074c600000| Untracked 
|  22|0x000000074c800000, 0x000000074ca00000, 0x000000074ca00000|100%| O|  |TAMS 0x000000074c800000| PB 0x000000074c800000| Untracked 
|  23|0x000000074ca00000, 0x000000074cc00000, 0x000000074cc00000|100%| O|  |TAMS 0x000000074ca00000| PB 0x000000074ca00000| Untracked 
|  24|0x000000074cc00000, 0x000000074ce00000, 0x000000074ce00000|100%| O|  |TAMS 0x000000074cc00000| PB 0x000000074cc00000| Untracked 
|  25|0x000000074ce00000, 0x000000074d000000, 0x000000074d000000|100%| O|  |TAMS 0x000000074ce00000| PB 0x000000074ce00000| Untracked 
|  26|0x000000074d000000, 0x000000074d200000, 0x000000074d200000|100%|HS|  |TAMS 0x000000074d000000| PB 0x000000074d000000| Complete 
|  27|0x000000074d200000, 0x000000074d400000, 0x000000074d400000|100%| O|  |TAMS 0x000000074d200000| PB 0x000000074d200000| Untracked 
|  28|0x000000074d400000, 0x000000074d600000, 0x000000074d600000|100%| O|  |TAMS 0x000000074d400000| PB 0x000000074d400000| Untracked 
|  29|0x000000074d600000, 0x000000074d800000, 0x000000074d800000|100%| O|  |TAMS 0x000000074d600000| PB 0x000000074d600000| Untracked 
|  30|0x000000074d800000, 0x000000074da00000, 0x000000074da00000|100%| O|  |TAMS 0x000000074d800000| PB 0x000000074d800000| Untracked 
|  31|0x000000074da00000, 0x000000074dc00000, 0x000000074dc00000|100%| O|  |TAMS 0x000000074da00000| PB 0x000000074da00000| Untracked 
|  32|0x000000074dc00000, 0x000000074de00000, 0x000000074de00000|100%| O|  |TAMS 0x000000074dc00000| PB 0x000000074dc00000| Untracked 
|  33|0x000000074de00000, 0x000000074e000000, 0x000000074e000000|100%| O|  |TAMS 0x000000074de00000| PB 0x000000074de00000| Untracked 
|  34|0x000000074e000000, 0x000000074e200000, 0x000000074e200000|100%| O|  |TAMS 0x000000074e000000| PB 0x000000074e000000| Untracked 
|  35|0x000000074e200000, 0x000000074e400000, 0x000000074e400000|100%| O|  |TAMS 0x000000074e200000| PB 0x000000074e200000| Untracked 
|  36|0x000000074e400000, 0x000000074e400000, 0x000000074e600000|  0%| F|  |TAMS 0x000000074e400000| PB 0x000000074e400000| Untracked 
|  37|0x000000074e600000, 0x000000074e600000, 0x000000074e800000|  0%| F|  |TAMS 0x000000074e600000| PB 0x000000074e600000| Untracked 
|  38|0x000000074e800000, 0x000000074e800000, 0x000000074ea00000|  0%| F|  |TAMS 0x000000074e800000| PB 0x000000074e800000| Untracked 
|  39|0x000000074ea00000, 0x000000074ec00000, 0x000000074ec00000|100%| O|  |TAMS 0x000000074ea00000| PB 0x000000074ea00000| Untracked 
|  40|0x000000074ec00000, 0x000000074ec731a0, 0x000000074ee00000| 22%| O|  |TAMS 0x000000074ec00000| PB 0x000000074ec00000| Untracked 
|  41|0x000000074ee00000, 0x000000074ee00000, 0x000000074f000000|  0%| F|  |TAMS 0x000000074ee00000| PB 0x000000074ee00000| Untracked 
|  42|0x000000074f000000, 0x000000074f000000, 0x000000074f200000|  0%| F|  |TAMS 0x000000074f000000| PB 0x000000074f000000| Untracked 
|  43|0x000000074f200000, 0x000000074f200000, 0x000000074f400000|  0%| F|  |TAMS 0x000000074f200000| PB 0x000000074f200000| Untracked 
|  44|0x000000074f400000, 0x000000074f400000, 0x000000074f600000|  0%| F|  |TAMS 0x000000074f400000| PB 0x000000074f400000| Untracked 
|  45|0x000000074f600000, 0x000000074f600000, 0x000000074f800000|  0%| F|  |TAMS 0x000000074f600000| PB 0x000000074f600000| Untracked 
|  46|0x000000074f800000, 0x000000074f978ca8, 0x000000074fa00000| 73%| S|CS|TAMS 0x000000074f800000| PB 0x000000074f800000| Complete 
|  47|0x000000074fa00000, 0x000000074fa00000, 0x000000074fc00000|  0%| F|  |TAMS 0x000000074fa00000| PB 0x000000074fa00000| Untracked 
|  48|0x000000074fc00000, 0x000000074fc00000, 0x000000074fe00000|  0%| F|  |TAMS 0x000000074fc00000| PB 0x000000074fc00000| Untracked 
|  49|0x000000074fe00000, 0x000000074fe00000, 0x0000000750000000|  0%| F|  |TAMS 0x000000074fe00000| PB 0x000000074fe00000| Untracked 
|  50|0x0000000750000000, 0x0000000750000000, 0x0000000750200000|  0%| F|  |TAMS 0x0000000750000000| PB 0x0000000750000000| Untracked 
|  51|0x0000000750200000, 0x0000000750200000, 0x0000000750400000|  0%| F|  |TAMS 0x0000000750200000| PB 0x0000000750200000| Untracked 
|  52|0x0000000750400000, 0x0000000750400000, 0x0000000750600000|  0%| F|  |TAMS 0x0000000750400000| PB 0x0000000750400000| Untracked 
|  53|0x0000000750600000, 0x0000000750600000, 0x0000000750800000|  0%| F|  |TAMS 0x0000000750600000| PB 0x0000000750600000| Untracked 
|  54|0x0000000750800000, 0x0000000750800000, 0x0000000750a00000|  0%| F|  |TAMS 0x0000000750800000| PB 0x0000000750800000| Untracked 
|  55|0x0000000750a00000, 0x0000000750a00000, 0x0000000750c00000|  0%| F|  |TAMS 0x0000000750a00000| PB 0x0000000750a00000| Untracked 
|  56|0x0000000750c00000, 0x0000000750c00000, 0x0000000750e00000|  0%| F|  |TAMS 0x0000000750c00000| PB 0x0000000750c00000| Untracked 
|  57|0x0000000750e00000, 0x0000000750e00000, 0x0000000751000000|  0%| F|  |TAMS 0x0000000750e00000| PB 0x0000000750e00000| Untracked 
|  58|0x0000000751000000, 0x0000000751000000, 0x0000000751200000|  0%| F|  |TAMS 0x0000000751000000| PB 0x0000000751000000| Untracked 
|  59|0x0000000751200000, 0x0000000751200000, 0x0000000751400000|  0%| F|  |TAMS 0x0000000751200000| PB 0x0000000751200000| Untracked 
|  60|0x0000000751400000, 0x0000000751400000, 0x0000000751600000|  0%| F|  |TAMS 0x0000000751400000| PB 0x0000000751400000| Untracked 
|  61|0x0000000751600000, 0x0000000751600000, 0x0000000751800000|  0%| F|  |TAMS 0x0000000751600000| PB 0x0000000751600000| Untracked 
|  62|0x0000000751800000, 0x0000000751800000, 0x0000000751a00000|  0%| F|  |TAMS 0x0000000751800000| PB 0x0000000751800000| Untracked 
|  63|0x0000000751a00000, 0x0000000751a00000, 0x0000000751c00000|  0%| F|  |TAMS 0x0000000751a00000| PB 0x0000000751a00000| Untracked 
|  64|0x0000000751c00000, 0x0000000751c00000, 0x0000000751e00000|  0%| F|  |TAMS 0x0000000751c00000| PB 0x0000000751c00000| Untracked 
|  65|0x0000000751e00000, 0x0000000751e00000, 0x0000000752000000|  0%| F|  |TAMS 0x0000000751e00000| PB 0x0000000751e00000| Untracked 
|  66|0x0000000752000000, 0x0000000752000000, 0x0000000752200000|  0%| F|  |TAMS 0x0000000752000000| PB 0x0000000752000000| Untracked 
|  67|0x0000000752200000, 0x0000000752200000, 0x0000000752400000|  0%| F|  |TAMS 0x0000000752200000| PB 0x0000000752200000| Untracked 
|  68|0x0000000752400000, 0x0000000752400000, 0x0000000752600000|  0%| F|  |TAMS 0x0000000752400000| PB 0x0000000752400000| Untracked 
|  69|0x0000000752600000, 0x0000000752600000, 0x0000000752800000|  0%| F|  |TAMS 0x0000000752600000| PB 0x0000000752600000| Untracked 
|  70|0x0000000752800000, 0x0000000752800000, 0x0000000752a00000|  0%| F|  |TAMS 0x0000000752800000| PB 0x0000000752800000| Untracked 
|  71|0x0000000752a00000, 0x0000000752a00000, 0x0000000752c00000|  0%| F|  |TAMS 0x0000000752a00000| PB 0x0000000752a00000| Untracked 
|  72|0x0000000752c00000, 0x0000000752c00000, 0x0000000752e00000|  0%| F|  |TAMS 0x0000000752c00000| PB 0x0000000752c00000| Untracked 
|  73|0x0000000752e00000, 0x0000000752e00000, 0x0000000753000000|  0%| F|  |TAMS 0x0000000752e00000| PB 0x0000000752e00000| Untracked 
|  74|0x0000000753000000, 0x0000000753000000, 0x0000000753200000|  0%| F|  |TAMS 0x0000000753000000| PB 0x0000000753000000| Untracked 
|  75|0x0000000753200000, 0x0000000753200000, 0x0000000753400000|  0%| F|  |TAMS 0x0000000753200000| PB 0x0000000753200000| Untracked 
|  76|0x0000000753400000, 0x0000000753400000, 0x0000000753600000|  0%| F|  |TAMS 0x0000000753400000| PB 0x0000000753400000| Untracked 
|  77|0x0000000753600000, 0x0000000753600000, 0x0000000753800000|  0%| F|  |TAMS 0x0000000753600000| PB 0x0000000753600000| Untracked 
|  78|0x0000000753800000, 0x0000000753800000, 0x0000000753a00000|  0%| F|  |TAMS 0x0000000753800000| PB 0x0000000753800000| Untracked 
|  79|0x0000000753a00000, 0x0000000753a00000, 0x0000000753c00000|  0%| F|  |TAMS 0x0000000753a00000| PB 0x0000000753a00000| Untracked 
|  80|0x0000000753c00000, 0x0000000753c00000, 0x0000000753e00000|  0%| F|  |TAMS 0x0000000753c00000| PB 0x0000000753c00000| Untracked 
|  81|0x0000000753e00000, 0x0000000753e00000, 0x0000000754000000|  0%| F|  |TAMS 0x0000000753e00000| PB 0x0000000753e00000| Untracked 
|  82|0x0000000754000000, 0x0000000754000000, 0x0000000754200000|  0%| F|  |TAMS 0x0000000754000000| PB 0x0000000754000000| Untracked 
|  83|0x0000000754200000, 0x0000000754200000, 0x0000000754400000|  0%| F|  |TAMS 0x0000000754200000| PB 0x0000000754200000| Untracked 
|  84|0x0000000754400000, 0x0000000754400000, 0x0000000754600000|  0%| F|  |TAMS 0x0000000754400000| PB 0x0000000754400000| Untracked 
|  85|0x0000000754600000, 0x0000000754600000, 0x0000000754800000|  0%| F|  |TAMS 0x0000000754600000| PB 0x0000000754600000| Untracked 
|  86|0x0000000754800000, 0x0000000754800000, 0x0000000754a00000|  0%| F|  |TAMS 0x0000000754800000| PB 0x0000000754800000| Untracked 
|  87|0x0000000754a00000, 0x0000000754a00000, 0x0000000754c00000|  0%| F|  |TAMS 0x0000000754a00000| PB 0x0000000754a00000| Untracked 
|  88|0x0000000754c00000, 0x0000000754c00000, 0x0000000754e00000|  0%| F|  |TAMS 0x0000000754c00000| PB 0x0000000754c00000| Untracked 
|  89|0x0000000754e00000, 0x0000000754e00000, 0x0000000755000000|  0%| F|  |TAMS 0x0000000754e00000| PB 0x0000000754e00000| Untracked 
|  90|0x0000000755000000, 0x0000000755000000, 0x0000000755200000|  0%| F|  |TAMS 0x0000000755000000| PB 0x0000000755000000| Untracked 
|  91|0x0000000755200000, 0x0000000755200000, 0x0000000755400000|  0%| F|  |TAMS 0x0000000755200000| PB 0x0000000755200000| Untracked 
|1451|0x00000007ff200000, 0x00000007ff400000, 0x00000007ff400000|100%| O|  |TAMS 0x00000007ff200000| PB 0x00000007ff200000| Untracked 
|1452|0x00000007ff400000, 0x00000007ff600000, 0x00000007ff600000|100%| O|  |TAMS 0x00000007ff400000| PB 0x00000007ff400000| Untracked 
|1453|0x00000007ff600000, 0x00000007ff800000, 0x00000007ff800000|100%| O|  |TAMS 0x00000007ff600000| PB 0x00000007ff600000| Untracked 
|1454|0x00000007ff800000, 0x00000007ffa00000, 0x00000007ffa00000|100%| O|  |TAMS 0x00000007ff800000| PB 0x00000007ff800000| Untracked 
|1455|0x00000007ffa00000, 0x00000007ffc00000, 0x00000007ffc00000|100%| O|  |TAMS 0x00000007ffa00000| PB 0x00000007ffa00000| Untracked 
|1456|0x00000007ffc00000, 0x00000007ffe00000, 0x00000007ffe00000|100%| O|  |TAMS 0x00000007ffc00000| PB 0x00000007ffc00000| Untracked 
|1457|0x00000007ffe00000, 0x0000000800000000, 0x0000000800000000|100%| O|  |TAMS 0x00000007ffe00000| PB 0x00000007ffe00000| Untracked 

Card table byte_map: [0x00000205bbbf0000,0x00000205bc1b0000] _byte_map_base: 0x00000205b81a2000

Marking Bits: (CMBitMap*) 0x00000205b41b8420
 Bits: [0x00000205bc1b0000, 0x00000205bef40000)

Polling page: 0x00000205b4210000

Metaspace:

Usage:
  Non-class:     60.40 MB used.
      Class:     10.12 MB used.
       Both:     70.52 MB used.

Virtual space:
  Non-class space:       64.00 MB reserved,      60.75 MB ( 95%) committed,  1 nodes.
      Class space:        1.00 GB reserved,      10.44 MB (  1%) committed,  1 nodes.
             Both:        1.06 GB reserved,      71.19 MB (  7%) committed. 

Chunk freelists:
   Non-Class:  2.72 MB
       Class:  5.42 MB
        Both:  8.14 MB

MaxMetaspaceSize: unlimited
CompressedClassSpaceSize: 1.00 GB
Initial GC threshold: 21.00 MB
Current GC threshold: 118.44 MB
CDS: on
 - commit_granule_bytes: 65536.
 - commit_granule_words: 8192.
 - virtual_space_node_default_size: 8388608.
 - enlarge_chunks_in_place: 1.
 - use_allocation_guard: 0.


Internal statistics:

num_allocs_failed_limit: 3.
num_arena_births: 906.
num_arena_deaths: 0.
num_vsnodes_births: 2.
num_vsnodes_deaths: 0.
num_space_committed: 1139.
num_space_uncommitted: 0.
num_chunks_returned_to_freelist: 3.
num_chunks_taken_from_freelist: 3304.
num_chunk_merges: 3.
num_chunk_splits: 2470.
num_chunks_enlarged: 1995.
num_inconsistent_stats: 0.

CodeCache: size=49152Kb used=12127Kb max_used=13638Kb free=37024Kb
 bounds [0x00000205b7b90000, 0x00000205b88f0000, 0x00000205bab90000]
 total_blobs=6386 nmethods=5648 adapters=657
 compilation: enabled
              stopped_count=0, restarted_count=0
 full_count=0

Compilation events (20 events):
Event: 8.625 Thread 0x00000206070b7c70 7287       1       java.util.regex.Pattern$$Lambda/0x800000029::<init> (10 bytes)
Event: 8.625 Thread 0x00000206070b7c70 nmethod 7287 0x00000205b8065b90 code [0x00000205b8065d20, 0x00000205b8065de8]
Event: 8.625 Thread 0x00000205c1c1e310 nmethod 7286 0x00000205b813de90 code [0x00000205b813e040, 0x00000205b813e128]
Event: 8.625 Thread 0x00000206070b5390 nmethod 7285 0x00000205b7ec5f10 code [0x00000205b7ec6140, 0x00000205b7ec65f8]
Event: 8.625 Thread 0x00000206070b5390 7288       1       java.lang.invoke.MethodHandleImpl$CountingWrapper::getTarget (5 bytes)
Event: 8.625 Thread 0x00000206070b5390 nmethod 7288 0x00000205b80a1290 code [0x00000205b80a1420, 0x00000205b80a14f0]
Event: 8.626 Thread 0x00000206070b5390 7289       1       java.io.ObjectInputStream$BlockDataInputStream::readByte (20 bytes)
Event: 8.626 Thread 0x00000205c1c1e310 7291       1       java.io.ObjectInputStream$PeekInputStream::read (47 bytes)
Event: 8.626 Thread 0x00000206070b7c70 7290       1       java.io.ObjectInputStream$BlockDataInputStream::read (62 bytes)
Event: 8.626 Thread 0x00000206070b5390 nmethod 7289 0x00000205b812c190 code [0x00000205b812c340, 0x00000205b812c4e0]
Event: 8.626 Thread 0x00000205c1c1e310 nmethod 7291 0x00000205b8176390 code [0x00000205b8176540, 0x00000205b81766a0]
Event: 8.627 Thread 0x00000206070b7c70 nmethod 7290 0x00000205b80a8b90 code [0x00000205b80a8d60, 0x00000205b80a8f48]
Event: 8.987 Thread 0x00000206070b7c70 7292       1       org.antlr.v4.runtime.misc.FlexibleHashMap::<init> (60 bytes)
Event: 8.987 Thread 0x00000206070b7c70 nmethod 7292 0x00000205b7fc4b90 code [0x00000205b7fc4d80, 0x00000205b7fc5040]
Event: 9.048 Thread 0x00000206070b7c70 7293       1       org.antlr.v4.runtime.atn.PredictionMode::allConfigsInRuleStopStates (41 bytes)
Event: 9.048 Thread 0x00000206070b7c70 nmethod 7293 0x00000205b8212290 code [0x00000205b8212460, 0x00000205b8212718]
Event: 9.064 Thread 0x00000205c1c1e310 7294   !   1       org.antlr.v4.runtime.atn.LexerActionExecutor::execute (166 bytes)
Event: 9.064 Thread 0x00000205c1c1e310 nmethod 7294 0x00000205b8488710 code [0x00000205b8488900, 0x00000205b8488e20]
Event: 9.123 Thread 0x00000206070b4cc0 7295       1       org.antlr.v4.runtime.atn.PredictionMode::hasSLLConflictTerminatingPrediction (109 bytes)
Event: 9.123 Thread 0x00000206070b4cc0 nmethod 7295 0x00000205b81fba90 code [0x00000205b81fbcc0, 0x00000205b81fc1c0]

GC Heap History (20 events):
Event: 8.121 GC heap after
{Heap after GC invocations=31 (full 0):
 garbage-first heap   total 61440K, used 38123K [0x0000000749c00000, 0x0000000800000000)
  region size 2048K, 2 young (4096K), 2 survivors (4096K)
 Metaspace       used 70575K, committed 71232K, reserved 1114112K
  class space    used 10138K, committed 10432K, reserved 1048576K
}
Event: 8.146 GC heap before
{Heap before GC invocations=31 (full 0):
 garbage-first heap   total 61440K, used 52459K [0x0000000749c00000, 0x0000000800000000)
  region size 2048K, 9 young (18432K), 2 survivors (4096K)
 Metaspace       used 70579K, committed 71232K, reserved 1114112K
  class space    used 10138K, committed 10432K, reserved 1048576K
}
Event: 8.149 GC heap after
{Heap after GC invocations=32 (full 0):
 garbage-first heap   total 73728K, used 38957K [0x0000000749c00000, 0x0000000800000000)
  region size 2048K, 1 young (2048K), 1 survivors (2048K)
 Metaspace       used 70579K, committed 71232K, reserved 1114112K
  class space    used 10138K, committed 10432K, reserved 1048576K
}
Event: 8.203 GC heap before
{Heap before GC invocations=32 (full 0):
 garbage-first heap   total 73728K, used 63533K [0x0000000749c00000, 0x0000000800000000)
  region size 2048K, 13 young (26624K), 1 survivors (2048K)
 Metaspace       used 70581K, committed 71232K, reserved 1114112K
  class space    used 10138K, committed 10432K, reserved 1048576K
}
Event: 8.205 GC heap after
{Heap after GC invocations=33 (full 0):
 garbage-first heap   total 73728K, used 43477K [0x0000000749c00000, 0x0000000800000000)
  region size 2048K, 2 young (4096K), 2 survivors (4096K)
 Metaspace       used 70581K, committed 71232K, reserved 1114112K
  class space    used 10138K, committed 10432K, reserved 1048576K
}
Event: 8.355 GC heap before
{Heap before GC invocations=33 (full 0):
 garbage-first heap   total 73728K, used 59861K [0x0000000749c00000, 0x0000000800000000)
  region size 2048K, 11 young (22528K), 2 survivors (4096K)
 Metaspace       used 72092K, committed 72704K, reserved 1114112K
  class space    used 10338K, committed 10624K, reserved 1048576K
}
Event: 8.358 GC heap after
{Heap after GC invocations=34 (full 0):
 garbage-first heap   total 73728K, used 44718K [0x0000000749c00000, 0x0000000800000000)
  region size 2048K, 1 young (2048K), 1 survivors (2048K)
 Metaspace       used 72092K, committed 72704K, reserved 1114112K
  class space    used 10338K, committed 10624K, reserved 1048576K
}
Event: 8.410 GC heap before
{Heap before GC invocations=34 (full 0):
 garbage-first heap   total 73728K, used 63150K [0x0000000749c00000, 0x0000000800000000)
  region size 2048K, 10 young (20480K), 1 survivors (2048K)
 Metaspace       used 72150K, committed 72768K, reserved 1114112K
  class space    used 10348K, committed 10624K, reserved 1048576K
}
Event: 8.412 GC heap after
{Heap after GC invocations=35 (full 0):
 garbage-first heap   total 73728K, used 46088K [0x0000000749c00000, 0x0000000800000000)
  region size 2048K, 2 young (4096K), 2 survivors (4096K)
 Metaspace       used 72150K, committed 72768K, reserved 1114112K
  class space    used 10348K, committed 10624K, reserved 1048576K
}
Event: 8.464 GC heap before
{Heap before GC invocations=36 (full 0):
 garbage-first heap   total 81920K, used 60424K [0x0000000749c00000, 0x0000000800000000)
  region size 2048K, 9 young (18432K), 2 survivors (4096K)
 Metaspace       used 72155K, committed 72768K, reserved 1114112K
  class space    used 10350K, committed 10624K, reserved 1048576K
}
Event: 8.465 GC heap after
{Heap after GC invocations=37 (full 0):
 garbage-first heap   total 120832K, used 45194K [0x0000000749c00000, 0x0000000800000000)
  region size 2048K, 1 young (2048K), 1 survivors (2048K)
 Metaspace       used 72155K, committed 72768K, reserved 1114112K
  class space    used 10350K, committed 10624K, reserved 1048576K
}
Event: 8.649 GC heap before
{Heap before GC invocations=37 (full 0):
 garbage-first heap   total 120832K, used 108682K [0x0000000749c00000, 0x0000000800000000)
  region size 2048K, 32 young (65536K), 1 survivors (2048K)
 Metaspace       used 72214K, committed 72896K, reserved 1114112K
  class space    used 10366K, committed 10688K, reserved 1048576K
}
Event: 8.653 GC heap after
{Heap after GC invocations=38 (full 0):
 garbage-first heap   total 120832K, used 47488K [0x0000000749c00000, 0x0000000800000000)
  region size 2048K, 3 young (6144K), 3 survivors (6144K)
 Metaspace       used 72214K, committed 72896K, reserved 1114112K
  class space    used 10366K, committed 10688K, reserved 1048576K
}
Event: 8.875 GC heap before
{Heap before GC invocations=38 (full 0):
 garbage-first heap   total 120832K, used 104832K [0x0000000749c00000, 0x0000000800000000)
  region size 2048K, 31 young (63488K), 3 survivors (6144K)
 Metaspace       used 72214K, committed 72896K, reserved 1114112K
  class space    used 10366K, committed 10688K, reserved 1048576K
}
Event: 8.890 GC heap after
{Heap after GC invocations=39 (full 0):
 garbage-first heap   total 135168K, used 65618K [0x0000000749c00000, 0x0000000800000000)
  region size 2048K, 4 young (8192K), 4 survivors (8192K)
 Metaspace       used 72214K, committed 72896K, reserved 1114112K
  class space    used 10366K, committed 10688K, reserved 1048576K
}
Event: 8.964 GC heap before
{Heap before GC invocations=39 (full 0):
 garbage-first heap   total 135168K, used 88146K [0x0000000749c00000, 0x0000000800000000)
  region size 2048K, 16 young (32768K), 4 survivors (8192K)
 Metaspace       used 72214K, committed 72896K, reserved 1114112K
  class space    used 10366K, committed 10688K, reserved 1048576K
}
Event: 8.972 GC heap after
{Heap after GC invocations=40 (full 0):
 garbage-first heap   total 135168K, used 75729K [0x0000000749c00000, 0x0000000800000000)
  region size 2048K, 4 young (8192K), 4 survivors (8192K)
 Metaspace       used 72214K, committed 72896K, reserved 1114112K
  class space    used 10366K, committed 10688K, reserved 1048576K
}
Event: 9.069 GC heap before
{Heap before GC invocations=41 (full 0):
 garbage-first heap   total 135168K, used 110545K [0x0000000749c00000, 0x0000000800000000)
  region size 2048K, 20 young (40960K), 4 survivors (8192K)
 Metaspace       used 72214K, committed 72896K, reserved 1114112K
  class space    used 10366K, committed 10688K, reserved 1048576K
}
Event: 9.078 GC heap after
{Heap after GC invocations=42 (full 0):
 garbage-first heap   total 135168K, used 88615K [0x0000000749c00000, 0x0000000800000000)
  region size 2048K, 3 young (6144K), 3 survivors (6144K)
 Metaspace       used 72214K, committed 72896K, reserved 1114112K
  class space    used 10366K, committed 10688K, reserved 1048576K
}
Event: 9.130 GC heap before
{Heap before GC invocations=42 (full 0):
 garbage-first heap   total 135168K, used 113191K [0x0000000749c00000, 0x0000000800000000)
  region size 2048K, 15 young (30720K), 3 survivors (6144K)
 Metaspace       used 72216K, committed 72896K, reserved 1114112K
  class space    used 10367K, committed 10688K, reserved 1048576K
}

Dll operation events (11 events):
Event: 0.013 Loaded shared library C:\STS4\STS4\plugins\org.eclipse.justj.openjdk.hotspot.jre.full.win32.x86_64_21.0.6.v20250130-0529\jre\bin\java.dll
Event: 0.038 Loaded shared library C:\STS4\STS4\plugins\org.eclipse.justj.openjdk.hotspot.jre.full.win32.x86_64_21.0.6.v20250130-0529\jre\bin\zip.dll
Event: 0.196 Loaded shared library C:\STS4\STS4\plugins\org.eclipse.justj.openjdk.hotspot.jre.full.win32.x86_64_21.0.6.v20250130-0529\jre\bin\jimage.dll
Event: 0.203 Loaded shared library C:\STS4\STS4\plugins\org.eclipse.justj.openjdk.hotspot.jre.full.win32.x86_64_21.0.6.v20250130-0529\jre\bin\net.dll
Event: 0.206 Loaded shared library C:\STS4\STS4\plugins\org.eclipse.justj.openjdk.hotspot.jre.full.win32.x86_64_21.0.6.v20250130-0529\jre\bin\nio.dll
Event: 0.212 Loaded shared library C:\STS4\STS4\plugins\org.eclipse.justj.openjdk.hotspot.jre.full.win32.x86_64_21.0.6.v20250130-0529\jre\bin\zip.dll
Event: 0.396 Loaded shared library C:\STS4\STS4\plugins\org.eclipse.justj.openjdk.hotspot.jre.full.win32.x86_64_21.0.6.v20250130-0529\jre\bin\management.dll
Event: 0.407 Loaded shared library C:\STS4\STS4\plugins\org.eclipse.justj.openjdk.hotspot.jre.full.win32.x86_64_21.0.6.v20250130-0529\jre\bin\management_ext.dll
Event: 0.615 Loaded shared library C:\STS4\STS4\plugins\org.eclipse.justj.openjdk.hotspot.jre.full.win32.x86_64_21.0.6.v20250130-0529\jre\bin\extnet.dll
Event: 2.028 Loaded shared library C:\STS4\STS4\plugins\org.eclipse.justj.openjdk.hotspot.jre.full.win32.x86_64_21.0.6.v20250130-0529\jre\bin\sunmscapi.dll
Event: 4.477 Loaded shared library C:\STS4\STS4\plugins\org.eclipse.justj.openjdk.hotspot.jre.full.win32.x86_64_21.0.6.v20250130-0529\jre\bin\verify.dll

Deoptimization events (0 events):
No events

Classes loaded (20 events):
Event: 7.638 Loading class java/lang/invoke/MethodHandleImpl$Makers
Event: 7.638 Loading class java/lang/invoke/MethodHandleImpl$Makers done
Event: 7.638 Loading class java/lang/invoke/MethodHandleImpl$Makers$1
Event: 7.638 Loading class java/lang/invoke/MethodHandleImpl$Makers$1 done
Event: 7.638 Loading class java/lang/invoke/MethodHandleImpl$Makers$2
Event: 7.638 Loading class java/lang/invoke/MethodHandleImpl$Makers$2 done
Event: 7.638 Loading class java/lang/invoke/MethodHandleImpl$Makers$3
Event: 7.638 Loading class java/lang/invoke/MethodHandleImpl$Makers$3 done
Event: 7.640 Loading class java/lang/runtime/ObjectMethods$1
Event: 7.640 Loading class java/lang/runtime/ObjectMethods$1 done
Event: 7.643 Loading class java/lang/invoke/MethodHandleImpl$CountingWrapper
Event: 7.643 Loading class java/lang/invoke/MethodHandleImpl$CountingWrapper done
Event: 7.654 Loading class java/util/EmptyStackException
Event: 7.654 Loading class java/util/EmptyStackException done
Event: 7.771 Loading class java/io/InvalidClassException
Event: 7.771 Loading class java/io/InvalidClassException done
Event: 8.320 Loading class java/util/WeakHashMap$KeyIterator
Event: 8.320 Loading class java/util/WeakHashMap$KeyIterator done
Event: 8.625 Loading class java/lang/invoke/MethodHandleImpl$CountingWrapper$1
Event: 8.625 Loading class java/lang/invoke/MethodHandleImpl$CountingWrapper$1 done

Classes unloaded (0 events):
No events

Classes redefined (0 events):
No events

Internal exceptions (20 events):
Event: 7.192 Thread 0x00000205c1c092b0 Exception <a 'java/lang/NoSuchMethodError'{0x000000074c6b2df0}: 'java.lang.Object java.lang.invoke.DirectMethodHandle$Holder.invokeSpecial(java.lang.Object, java.lang.Object, java.lang.Object, java.lang.Object, java.lang.Object, java.lang.Object, java.lang.Object, java.lang.Object, int)'> (0x000000074c6b2df0) 
thrown [s\src\hotspot\share\interpreter\linkResolver.cpp, line 773]
Event: 7.192 Thread 0x00000205c1c092b0 Exception <a 'java/lang/NoSuchMethodError'{0x000000074c6b6e28}: 'java.lang.Object java.lang.invoke.Invokers$Holder.linkToTargetMethod(java.lang.Object, java.lang.Object, java.lang.Object, java.lang.Object, java.lang.Object, java.lang.Object, int, java.lang.Object)'> (0x000000074c6b6e28) 
thrown [s\src\hotspot\share\interpreter\linkResolver.cpp, line 773]
Event: 7.217 Thread 0x00000205c1c092b0 Exception <a 'java/lang/NoSuchMethodError'{0x000000074c79b650}: 'void java.lang.invoke.DirectMethodHandle$Holder.invokeInterface(java.lang.Object, java.lang.Object)'> (0x000000074c79b650) 
thrown [s\src\hotspot\share\interpreter\linkResolver.cpp, line 773]
Event: 7.349 Thread 0x00000205c1c092b0 Exception <a 'java/lang/IncompatibleClassChangeError'{0x0000000751d80d58}: Found class java.lang.Object, but interface was expected> (0x0000000751d80d58) 
thrown [s\src\hotspot\share\interpreter\linkResolver.cpp, line 840]
Event: 7.384 Thread 0x00000205c1c092b0 Exception <a 'java/lang/IncompatibleClassChangeError'{0x000000074c90a858}: Found class java.lang.Object, but interface was expected> (0x000000074c90a858) 
thrown [s\src\hotspot\share\interpreter\linkResolver.cpp, line 840]
Event: 7.495 Thread 0x00000205c1c092b0 Exception <a 'java/lang/IncompatibleClassChangeError'{0x000000074c0f79a0}: Found class java.lang.Object, but interface was expected> (0x000000074c0f79a0) 
thrown [s\src\hotspot\share\interpreter\linkResolver.cpp, line 840]
Event: 7.566 Thread 0x00000205c1c092b0 Exception <a 'java/lang/IncompatibleClassChangeError'{0x0000000752010440}: Found class java.lang.Object, but interface was expected> (0x0000000752010440) 
thrown [s\src\hotspot\share\interpreter\linkResolver.cpp, line 840]
Event: 7.567 Thread 0x00000205c1c092b0 Exception <a 'java/lang/IncompatibleClassChangeError'{0x0000000752015dd8}: Found class java.lang.Object, but interface was expected> (0x0000000752015dd8) 
thrown [s\src\hotspot\share\interpreter\linkResolver.cpp, line 840]
Event: 7.604 Thread 0x00000205c1c092b0 Exception <a 'java/lang/NoSuchMethodError'{0x00000007521a3f28}: 'java.lang.Object java.lang.invoke.DirectMethodHandle$Holder.invokeStatic(java.lang.Object, int, java.lang.Object)'> (0x00000007521a3f28) 
thrown [s\src\hotspot\share\interpreter\linkResolver.cpp, line 773]
Event: 7.638 Thread 0x00000205c1c092b0 Exception <a 'java/lang/NoSuchMethodError'{0x0000000751f19918}: 'java.lang.Object java.lang.invoke.DirectMethodHandle$Holder.invokeStaticInit(java.lang.Object, java.lang.Object, java.lang.Object, java.lang.Object, java.lang.Object, java.lang.Object, java.lang.Object)'> (0x0000000751f19918) 
thrown [s\src\hotspot\share\interpreter\linkResolver.cpp, line 773]
Event: 7.640 Thread 0x00000205c1c092b0 Exception <a 'java/lang/NoSuchMethodError'{0x0000000751f33cb0}: 'int java.lang.invoke.DirectMethodHandle$Holder.invokeStaticInit(java.lang.Object, int, int)'> (0x0000000751f33cb0) 
thrown [s\src\hotspot\share\interpreter\linkResolver.cpp, line 773]
Event: 7.640 Thread 0x00000205c1c092b0 Exception <a 'java/lang/NoSuchMethodError'{0x0000000751f3b708}: 'int java.lang.invoke.DirectMethodHandle$Holder.invokeStaticInit(java.lang.Object, long, long)'> (0x0000000751f3b708) 
thrown [s\src\hotspot\share\interpreter\linkResolver.cpp, line 773]
Event: 7.641 Thread 0x00000205c1c092b0 Exception <a 'java/lang/NoSuchMethodError'{0x0000000751f42700}: 'int java.lang.invoke.DirectMethodHandle$Holder.invokeStaticInit(java.lang.Object, float, float)'> (0x0000000751f42700) 
thrown [s\src\hotspot\share\interpreter\linkResolver.cpp, line 773]
Event: 7.641 Thread 0x00000205c1c092b0 Exception <a 'java/lang/NoSuchMethodError'{0x0000000751f496f0}: 'int java.lang.invoke.DirectMethodHandle$Holder.invokeStaticInit(java.lang.Object, double, double)'> (0x0000000751f496f0) 
thrown [s\src\hotspot\share\interpreter\linkResolver.cpp, line 773]
Event: 7.641 Thread 0x00000205c1c092b0 Exception <a 'java/lang/NoSuchMethodError'{0x0000000751f4e0d8}: 'int java.lang.invoke.DirectMethodHandle$Holder.invokeStatic(java.lang.Object, long)'> (0x0000000751f4e0d8) 
thrown [s\src\hotspot\share\interpreter\linkResolver.cpp, line 773]
Event: 7.642 Thread 0x00000205c1c092b0 Exception <a 'java/lang/NoSuchMethodError'{0x0000000751f6c638}: 'int java.lang.invoke.Invokers$Holder.linkToTargetMethod(java.lang.Object, java.lang.Object)'> (0x0000000751f6c638) 
thrown [s\src\hotspot\share\interpreter\linkResolver.cpp, line 773]
Event: 7.643 Thread 0x00000205c1c092b0 Exception <a 'java/lang/NoSuchMethodError'{0x0000000751f7f060}: 'java.lang.Object java.lang.invoke.DirectMethodHandle$Holder.invokeStatic(java.lang.Object, int, java.lang.Object, java.lang.Object)'> (0x0000000751f7f060) 
thrown [s\src\hotspot\share\interpreter\linkResolver.cpp, line 773]
Event: 7.643 Thread 0x00000205c1c092b0 Exception <a 'java/lang/NoSuchMethodError'{0x0000000751f834f8}: 'java.lang.Object java.lang.invoke.DirectMethodHandle$Holder.invokeSpecial(java.lang.Object, java.lang.Object, int, java.lang.Object, java.lang.Object)'> (0x0000000751f834f8) 
thrown [s\src\hotspot\share\interpreter\linkResolver.cpp, line 773]
Event: 7.643 Thread 0x00000205c1c092b0 Exception <a 'java/lang/NoSuchMethodError'{0x0000000751f871f8}: 'java.lang.Object java.lang.invoke.DelegatingMethodHandle$Holder.delegate(java.lang.Object, int, java.lang.Object, java.lang.Object)'> (0x0000000751f871f8) 
thrown [s\src\hotspot\share\interpreter\linkResolver.cpp, line 773]
Event: 7.644 Thread 0x00000205c1c092b0 Exception <a 'java/lang/NoSuchMethodError'{0x0000000751f96750}: 'int java.lang.invoke.Invokers$Holder.linkToTargetMethod(java.lang.Object, java.lang.Object, java.lang.Object)'> (0x0000000751f96750) 
thrown [s\src\hotspot\share\interpreter\linkResolver.cpp, line 773]

ZGC Phase Switch (0 events):
No events

VM Operations (20 events):
Event: 8.412 Executing VM operation: G1CollectForAllocation (G1 Evacuation Pause) done
Event: 8.431 Executing VM operation: G1PauseRemark
Event: 8.434 Executing VM operation: G1PauseRemark done
Event: 8.439 Executing VM operation: G1PauseCleanup
Event: 8.439 Executing VM operation: G1PauseCleanup done
Event: 8.463 Executing VM operation: G1CollectForAllocation (G1 Evacuation Pause)
Event: 8.465 Executing VM operation: G1CollectForAllocation (G1 Evacuation Pause) done
Event: 8.649 Executing VM operation: G1CollectForAllocation (G1 Evacuation Pause)
Event: 8.653 Executing VM operation: G1CollectForAllocation (G1 Evacuation Pause) done
Event: 8.875 Executing VM operation: G1CollectForAllocation (G1 Evacuation Pause)
Event: 8.890 Executing VM operation: G1CollectForAllocation (G1 Evacuation Pause) done
Event: 8.964 Executing VM operation: G1TryInitiateConcMark (G1 Humongous Allocation)
Event: 8.972 Executing VM operation: G1TryInitiateConcMark (G1 Humongous Allocation) done
Event: 9.001 Executing VM operation: G1PauseRemark
Event: 9.003 Executing VM operation: G1PauseRemark done
Event: 9.016 Executing VM operation: G1PauseCleanup
Event: 9.016 Executing VM operation: G1PauseCleanup done
Event: 9.069 Executing VM operation: G1CollectForAllocation (G1 Evacuation Pause)
Event: 9.078 Executing VM operation: G1CollectForAllocation (G1 Evacuation Pause) done
Event: 9.130 Executing VM operation: G1CollectForAllocation (G1 Evacuation Pause)

Memory protections (0 events):
No events

Nmethod flushes (20 events):
Event: 8.433 Thread 0x00000205c1bd9d20 flushing  nmethod 0x00000205b843e790
Event: 8.433 Thread 0x00000205c1bd9d20 flushing  nmethod 0x00000205b843ea90
Event: 8.433 Thread 0x00000205c1bd9d20 flushing  nmethod 0x00000205b847bb90
Event: 8.433 Thread 0x00000205c1bd9d20 flushing  nmethod 0x00000205b847c310
Event: 8.433 Thread 0x00000205c1bd9d20 flushing  nmethod 0x00000205b8480010
Event: 8.433 Thread 0x00000205c1bd9d20 flushing  nmethod 0x00000205b8480a10
Event: 8.433 Thread 0x00000205c1bd9d20 flushing  nmethod 0x00000205b8482690
Event: 8.433 Thread 0x00000205c1bd9d20 flushing  nmethod 0x00000205b8482a10
Event: 8.433 Thread 0x00000205c1bd9d20 flushing  nmethod 0x00000205b8483b90
Event: 8.433 Thread 0x00000205c1bd9d20 flushing  nmethod 0x00000205b8483e90
Event: 8.433 Thread 0x00000205c1bd9d20 flushing  nmethod 0x00000205b8484190
Event: 8.433 Thread 0x00000205c1bd9d20 flushing  nmethod 0x00000205b851b390
Event: 8.433 Thread 0x00000205c1bd9d20 flushing  nmethod 0x00000205b851b710
Event: 8.433 Thread 0x00000205c1bd9d20 flushing  nmethod 0x00000205b851c010
Event: 8.433 Thread 0x00000205c1bd9d20 flushing  nmethod 0x00000205b8521790
Event: 8.433 Thread 0x00000205c1bd9d20 flushing  nmethod 0x00000205b856a990
Event: 8.433 Thread 0x00000205c1bd9d20 flushing  nmethod 0x00000205b856af90
Event: 8.433 Thread 0x00000205c1bd9d20 flushing  nmethod 0x00000205b856b790
Event: 8.433 Thread 0x00000205c1bd9d20 flushing  nmethod 0x00000205b856c210
Event: 8.433 Thread 0x00000205c1bd9d20 flushing  nmethod 0x00000205b856d210

Events (20 events):
Event: 0.504 Thread 0x00000206070b7c70 Thread added: 0x00000206070b5390
Event: 0.618 Thread 0x00000205b4163d90 Thread added: 0x00000205c1c08590
Event: 0.632 Thread 0x00000205b4163d90 Thread added: 0x00000205c1c064c0
Event: 0.649 Thread 0x00000205b4163d90 Thread added: 0x00000205c1c08c20
Event: 0.955 Thread 0x00000205b4163d90 Thread added: 0x00000205c1c06b50
Event: 0.958 Thread 0x00000205c1c06b50 Thread added: 0x00000205c1c092b0
Event: 0.973 Thread 0x00000205c1c064c0 Thread added: 0x00000205c1c09940
Event: 0.983 Thread 0x00000205c1c09940 Thread added: 0x0000020607c00df0
Event: 0.986 Thread 0x00000205c1c08590 Thread added: 0x0000020607c021a0
Event: 0.997 Thread 0x0000020607c021a0 Thread added: 0x0000020607c000d0
Event: 1.402 Thread 0x00000205c1c092b0 Thread added: 0x0000020607c01480
Event: 1.932 Thread 0x00000205c1c092b0 Thread added: 0x0000020607c01b10
Event: 2.024 Thread 0x0000020607c01b10 Thread exited: 0x0000020607c01b10
Event: 2.047 Thread 0x0000020607c01480 Thread exited: 0x0000020607c01480
Event: 3.895 Thread 0x00000205c1c092b0 Thread added: 0x0000020607c01480
Event: 3.896 Thread 0x0000020607c01480 Thread added: 0x0000020607c01b10
Event: 3.900 Thread 0x00000205c1c092b0 Thread added: 0x0000020607c02830
Event: 3.924 Thread 0x00000205c1c092b0 Thread added: 0x0000020607c03550
Event: 5.459 Thread 0x00000205c1c092b0 Thread added: 0x0000020607c03be0
Event: 5.565 Thread 0x0000020607c03be0 Thread added: 0x0000020607c00760


Dynamic libraries:
0x00007ff649cd0000 - 0x00007ff649cde000 	C:\STS4\STS4\plugins\org.eclipse.justj.openjdk.hotspot.jre.full.win32.x86_64_21.0.6.v20250130-0529\jre\bin\javaw.exe
0x00007ffdac040000 - 0x00007ffdac2a0000 	C:\WINDOWS\SYSTEM32\ntdll.dll
0x00007ffdaabc0000 - 0x00007ffdaac87000 	C:\WINDOWS\System32\KERNEL32.DLL
0x00007ffda96d0000 - 0x00007ffda9a9a000 	C:\WINDOWS\System32\KERNELBASE.dll
0x00007ffda9580000 - 0x00007ffda96cb000 	C:\WINDOWS\System32\ucrtbase.dll
0x00007ffd8bbe0000 - 0x00007ffd8bbfe000 	C:\STS4\STS4\plugins\org.eclipse.justj.openjdk.hotspot.jre.full.win32.x86_64_21.0.6.v20250130-0529\jre\bin\VCRUNTIME140.dll
0x00007ffd99750000 - 0x00007ffd99768000 	C:\STS4\STS4\plugins\org.eclipse.justj.openjdk.hotspot.jre.full.win32.x86_64_21.0.6.v20250130-0529\jre\bin\jli.dll
0x00007ffdaa4a0000 - 0x00007ffdaa66c000 	C:\WINDOWS\System32\USER32.dll
0x00007ffda9aa0000 - 0x00007ffda9ac7000 	C:\WINDOWS\System32\win32u.dll
0x00007ffdaafc0000 - 0x00007ffdaafea000 	C:\WINDOWS\System32\GDI32.dll
0x00007ffda93a0000 - 0x00007ffda94d1000 	C:\WINDOWS\System32\gdi32full.dll
0x00007ffda9ad0000 - 0x00007ffda9b73000 	C:\WINDOWS\System32\msvcp_win.dll
0x00007ffd94b20000 - 0x00007ffd94db7000 	C:\WINDOWS\WinSxS\amd64_microsoft.windows.common-controls_6595b64144ccf1df_6.0.26100.3624_none_3e086962e3345f24\COMCTL32.dll
0x00007ffdaa910000 - 0x00007ffdaa9b9000 	C:\WINDOWS\System32\msvcrt.dll
0x00007ffdaad70000 - 0x00007ffdaad9f000 	C:\WINDOWS\System32\IMM32.DLL
0x00007ffd8bbc0000 - 0x00007ffd8bbcc000 	C:\STS4\STS4\plugins\org.eclipse.justj.openjdk.hotspot.jre.full.win32.x86_64_21.0.6.v20250130-0529\jre\bin\vcruntime140_1.dll
0x00007ffd52b00000 - 0x00007ffd52b8d000 	C:\STS4\STS4\plugins\org.eclipse.justj.openjdk.hotspot.jre.full.win32.x86_64_21.0.6.v20250130-0529\jre\bin\msvcp140.dll
0x00007ffd3ec30000 - 0x00007ffd3f9c0000 	C:\STS4\STS4\plugins\org.eclipse.justj.openjdk.hotspot.jre.full.win32.x86_64_21.0.6.v20250130-0529\jre\bin\server\jvm.dll
0x00007ffdab720000 - 0x00007ffdab7d2000 	C:\WINDOWS\System32\ADVAPI32.dll
0x00007ffdaba40000 - 0x00007ffdabae6000 	C:\WINDOWS\System32\sechost.dll
0x00007ffdaae30000 - 0x00007ffdaaf46000 	C:\WINDOWS\System32\RPCRT4.dll
0x00007ffdaa420000 - 0x00007ffdaa494000 	C:\WINDOWS\System32\WS2_32.dll
0x00007ffd9fef0000 - 0x00007ffd9ff26000 	C:\WINDOWS\SYSTEM32\WINMM.dll
0x00007ffda78b0000 - 0x00007ffda790e000 	C:\WINDOWS\SYSTEM32\POWRPROF.dll
0x00007ffd9ff30000 - 0x00007ffd9ff3b000 	C:\WINDOWS\SYSTEM32\VERSION.dll
0x00007ffda7920000 - 0x00007ffda7934000 	C:\WINDOWS\SYSTEM32\UMPDC.dll
0x00007ffda8150000 - 0x00007ffda816a000 	C:\WINDOWS\SYSTEM32\kernel.appcore.dll
0x00007ffda3ea0000 - 0x00007ffda3eaa000 	C:\STS4\STS4\plugins\org.eclipse.justj.openjdk.hotspot.jre.full.win32.x86_64_21.0.6.v20250130-0529\jre\bin\jimage.dll
0x00007ffda6980000 - 0x00007ffda6bc1000 	C:\WINDOWS\SYSTEM32\DBGHELP.DLL
0x00007ffdabaf0000 - 0x00007ffdabe72000 	C:\WINDOWS\System32\combase.dll
0x00007ffdaac90000 - 0x00007ffdaad66000 	C:\WINDOWS\System32\OLEAUT32.dll
0x00007ffd90640000 - 0x00007ffd90679000 	C:\WINDOWS\SYSTEM32\dbgcore.DLL
0x00007ffda94e0000 - 0x00007ffda9579000 	C:\WINDOWS\System32\bcryptPrimitives.dll
0x00007ffd99770000 - 0x00007ffd9978f000 	C:\STS4\STS4\plugins\org.eclipse.justj.openjdk.hotspot.jre.full.win32.x86_64_21.0.6.v20250130-0529\jre\bin\java.dll
0x00007ffdaaff0000 - 0x00007ffdab719000 	C:\WINDOWS\System32\SHELL32.dll
0x00007ffda9c40000 - 0x00007ffda9da8000 	C:\WINDOWS\System32\wintypes.dll
0x00007ffda6f80000 - 0x00007ffda77d2000 	C:\WINDOWS\SYSTEM32\windows.storage.dll
0x00007ffdabf10000 - 0x00007ffdabffd000 	C:\WINDOWS\System32\SHCORE.dll
0x00007ffdab7e0000 - 0x00007ffdab844000 	C:\WINDOWS\System32\shlwapi.dll
0x00007ffda9130000 - 0x00007ffda915f000 	C:\WINDOWS\SYSTEM32\profapi.dll
0x00007ffd99730000 - 0x00007ffd99748000 	C:\STS4\STS4\plugins\org.eclipse.justj.openjdk.hotspot.jre.full.win32.x86_64_21.0.6.v20250130-0529\jre\bin\zip.dll
0x00007ffd99ba0000 - 0x00007ffd99bb0000 	C:\STS4\STS4\plugins\org.eclipse.justj.openjdk.hotspot.jre.full.win32.x86_64_21.0.6.v20250130-0529\jre\bin\net.dll
0x00007ffda0a40000 - 0x00007ffda0b5d000 	C:\WINDOWS\SYSTEM32\WINHTTP.dll
0x00007ffda8670000 - 0x00007ffda86da000 	C:\WINDOWS\system32\mswsock.dll
0x00007ffd99710000 - 0x00007ffd99726000 	C:\STS4\STS4\plugins\org.eclipse.justj.openjdk.hotspot.jre.full.win32.x86_64_21.0.6.v20250130-0529\jre\bin\nio.dll
0x00007ffd8bbb0000 - 0x00007ffd8bbba000 	C:\STS4\STS4\plugins\org.eclipse.justj.openjdk.hotspot.jre.full.win32.x86_64_21.0.6.v20250130-0529\jre\bin\management.dll
0x00007ffd8bae0000 - 0x00007ffd8baeb000 	C:\STS4\STS4\plugins\org.eclipse.justj.openjdk.hotspot.jre.full.win32.x86_64_21.0.6.v20250130-0529\jre\bin\management_ext.dll
0x00007ffdaa9c0000 - 0x00007ffdaa9c8000 	C:\WINDOWS\System32\PSAPI.DLL
0x00007ffd93ed0000 - 0x00007ffd93ee8000 	C:\WINDOWS\system32\napinsp.dll
0x00007ffda7cd0000 - 0x00007ffda7df5000 	C:\WINDOWS\SYSTEM32\DNSAPI.dll
0x00007ffda7c30000 - 0x00007ffda7c63000 	C:\WINDOWS\SYSTEM32\IPHLPAPI.DLL
0x00007ffdabf00000 - 0x00007ffdabf0a000 	C:\WINDOWS\System32\NSI.dll
0x00007ffd93d70000 - 0x00007ffd93d82000 	C:\WINDOWS\System32\winrnr.dll
0x00007ffd93d00000 - 0x00007ffd93d30000 	C:\WINDOWS\system32\nlansp_c.dll
0x00007ffda1bf0000 - 0x00007ffda1c06000 	C:\WINDOWS\system32\wshbth.dll
0x00007ffda1ba0000 - 0x00007ffda1bab000 	C:\Windows\System32\rasadhlp.dll
0x00007ffd9c910000 - 0x00007ffd9c995000 	C:\WINDOWS\System32\fwpuclnt.dll
0x00007ffda8910000 - 0x00007ffda892c000 	C:\WINDOWS\SYSTEM32\CRYPTSP.dll
0x00007ffda80b0000 - 0x00007ffda80ea000 	C:\WINDOWS\system32\rsaenh.dll
0x00007ffda8710000 - 0x00007ffda873b000 	C:\WINDOWS\SYSTEM32\USERENV.dll
0x00007ffda9100000 - 0x00007ffda9126000 	C:\WINDOWS\SYSTEM32\bcrypt.dll
0x00007ffda8930000 - 0x00007ffda893c000 	C:\WINDOWS\SYSTEM32\CRYPTBASE.dll
0x00007ffd996e0000 - 0x00007ffd996e9000 	C:\STS4\STS4\plugins\org.eclipse.justj.openjdk.hotspot.jre.full.win32.x86_64_21.0.6.v20250130-0529\jre\bin\extnet.dll
0x00007ffd996f0000 - 0x00007ffd996fe000 	C:\STS4\STS4\plugins\org.eclipse.justj.openjdk.hotspot.jre.full.win32.x86_64_21.0.6.v20250130-0529\jre\bin\sunmscapi.dll
0x00007ffda9220000 - 0x00007ffda9397000 	C:\WINDOWS\System32\CRYPT32.dll
0x00007ffda8b10000 - 0x00007ffda8b40000 	C:\WINDOWS\SYSTEM32\ncrypt.dll
0x00007ffda8ac0000 - 0x00007ffda8aff000 	C:\WINDOWS\SYSTEM32\NTASN1.dll
0x00007ffd99700000 - 0x00007ffd99710000 	C:\STS4\STS4\plugins\org.eclipse.justj.openjdk.hotspot.jre.full.win32.x86_64_21.0.6.v20250130-0529\jre\bin\verify.dll

dbghelp: loaded successfully - version: 4.0.5 - missing functions: none
symbol engine: initialized successfully - sym options: 0x614 - pdb path: .;C:\STS4\STS4\plugins\org.eclipse.justj.openjdk.hotspot.jre.full.win32.x86_64_21.0.6.v20250130-0529\jre\bin;C:\WINDOWS\SYSTEM32;C:\WINDOWS\WinSxS\amd64_microsoft.windows.common-controls_6595b64144ccf1df_6.0.26100.3624_none_3e086962e3345f24;C:\STS4\STS4\plugins\org.eclipse.justj.openjdk.hotspot.jre.full.win32.x86_64_21.0.6.v20250130-0529\jre\bin\server

VM Arguments:
jvm_args: -Dcom.sun.management.jmxremote -Dcom.sun.management.jmxremote.port=2748 -Dcom.sun.management.jmxremote.authenticate=false -Dcom.sun.management.jmxremote.ssl=false -Djava.rmi.server.hostname=localhost -Dspring.jmx.enabled=true -Dmanagement.endpoints.jmx.exposure.include=* -Dspring.application.admin.enabled=true -Dspring.output.ansi.enabled=always -XX:TieredStopAtLevel=1 -Dspring.boot.project.name=team_berp -Dfile.encoding=UTF-8 -Dstdout.encoding=UTF-8 -Dstderr.encoding=UTF-8 -XX:+ShowCodeDetailsInExceptionMessages 
java_command: com.team.berp.TeamBerpApplication
java_class_path (initial): C:\team_berp\team_berp\bin\main;C:\Users\grace\.gradle\caches\modules-2\files-2.1\org.projectlombok\lombok\1.18.30\f195ee86e6c896ea47a1d39defbe20eb59cd149d\lombok-1.18.30.jar;C:\Users\grace\.gradle\caches\modules-2\files-2.1\org.springframework.boot\spring-boot-starter-web\3.4.5\54cb03e8615f0c10cd44b5b7d155af3d0be7d66a\spring-boot-starter-web-3.4.5.jar;C:\Users\grace\.gradle\caches\modules-2\files-2.1\org.springframework.boot\spring-boot-starter-data-jpa\3.4.5\c6ef06dfef1b02f3e3f82d67118d3944672e7d49\spring-boot-starter-data-jpa-3.4.5.jar;C:\Users\grace\.gradle\caches\modules-2\files-2.1\org.springframework.boot\spring-boot-starter-validation\3.4.5\ac75735317fbb71d00829559d1a0a21978989f0\spring-boot-starter-validation-3.4.5.jar;C:\Users\grace\.gradle\caches\modules-2\files-2.1\org.springdoc\springdoc-openapi-starter-webmvc-ui\2.1.0\f31615e90b61d18a46a701d5c10e9e505a49a984\springdoc-openapi-starter-webmvc-ui-2.1.0.jar;C:\Users\grace\.gradle\caches\modules-2\files-2.1\org.modelmapper\modelmapper\3.1.1\6636e94590e9d98e5e7db7e4fafcc15e9390e18d\modelmapper-3.1.1.jar;C:\Users\grace\.gradle\caches\modules-2\files-2.1\org.springframework.boot\spring-boot-starter-aop\3.4.5\6ec259d24e8900d620d99d64ef32b11aa151a6f0\spring-boot-starter-aop-3.4.5.jar;C:\Users\grace\.gradle\caches\modules-2\files-2.1\org.springframework.boot\spring-boot-starter-thymeleaf\3.4.5\6564b6a1c10118e662cb8c776eef27d76c0ff78d\spring-boot-starter-thymeleaf-3.4.5.jar;C:\Users\grace\.gradle\caches\modules-2\files-2.1\org.mybatis.spring.boot\mybatis-spring-boot-starter\3.0.3\19528356bf8bad2be5f8bf796dfc30bcc4996054\mybatis-spring-boot-starter-3.0.3.jar;C:\Users\grace\.gradle\caches\modules-2\files-2.1\org.springframework.boot\spring-boot-starter-mail\3.4.5\138b5da53648f9bbd80440d25753115ab6bcf5c4\spring-boot-starter-mail-3.4.5.jar;C:\Users\grace\.gradle\caches\modules-2\files-2.1\org.springframework.boot\spring-boot-starter-json\3.4.5\b7a87d4565c99754e0fcf4da405ebe3ab0870c88\spring-boot-starter-json-3.4.5.jar;C:\Users\grace\.gradle\caches\modules-2\files-2.1\org.springframework.boot\spring-boot-starter-jdbc\3.4.5\e361f635454d0694547cc226ece3aa10fde7ff2b\spring-boot-starter-jdbc-3.4.5.jar;C:\Users\grace\.gradle\caches\modules-2\files-2.1\org.springframework.boot\spring-boot-starter\3.4.5\3b1cd30bd3be52f5fd0c0934882ec86ed4457646\spring-boot-starter-3.4.5.jar;C:\Users\grace\.gradle\caches\modules-2\files-2.1\org.springframework.boot\spring-boot-starter-tomcat\3.4.5\d3121e25897969409967675c0c450dd3cad45162\spring-boot-starter-tomcat-3.4.5.jar;C:\Users\grace\.gradle\caches\modules-2\files-2.1\org.springdoc\springdoc-openapi-starter-webmvc-api\2.1.0\966fa4ae5e4fbd559062df6b7cb2ec2e9cf23a20\springdoc-openapi-starter-webmvc-api-2.1.0.jar;C:\Users\grace\.gradle\caches\modules-2\files-2.1\org.springframework\spring-webmvc\6.2.6\48c37c417d00b9dc12e344892b206bbbf67f0945\spring-webmvc-6.2.6.jar;C:\Users\grace\.gradle\caches\modules-2\files-2.1\org.springframework\spring-web\6.2.6\17a4f806e877a1064a2442fe7545b0036fb9550f\spring-web-6.2.6.jar;C:\Users\grace\.gradle\caches\modules-2\files-2.1\org.hibernate.orm\hibernate-core\6.6.13.Final\e7f1b2d53e89b9863dca12cd5f1b261ba413415b\hibernate-core-6.6.13.Final.jar;C:\Users\grace\.gradle\caches\modules-2\files-2.1\org.springframework.data\spring-data-jpa\3.4.5\40000309bebdc0e4e284211701f039eb5b1fb1a6\spring-data-jpa-3.4.5.jar;C:\Users\grace\.gradle\caches\modules-2\files-2.1\org.springframework\spring-aspects\6.2.6\2bb7fe48b4fef28af71be32815200c19ac95f783\spring-aspects-6.2.6.jar;C:\Users\grace\.gradle\caches\modules-2\files-2.1\org.apache.tomcat.embed\tomcat-embed-el\10.1.40\1b321790508c1d410689b4f496dae18a97fa6ae9\tomcat-embed-el-10.1.40.jar;C:\Users\grace\.gradle\caches\modules-2\files-2.1\org.hibernate.validator\hibernate-validator\8.0.2.Final\220e64815dd87535525331de20570017f899eb13\hibernate-validator-8.0.2.Final.jar;C:\Users\grace\.gradle\caches\modules-2\files-2.1\org.webjars\swagger-ui\4.18.2\2347d066b71cd3d20789b6d143829680b3123d81\swagger-ui-4.18.2.jar;C:\Users\grace\.gradle\caches\modules-2\files-2.1\org.springframework\spring-context-support\6.2.6\e4d6f186e074dd3071906661637406554e4ecfcf\spring-context-support-6.2.6.jar;C:\Users\grace\.gradle\caches\modules-2\files-2.1\org.mybatis.spring.boot\mybatis-spring-boot-autoconfigure\3.0.3\b73a2effa4f60a2eeca98aa12ea3437faede0f73\mybatis-spring-boot-autoconfigure-3.0.3.jar;C:\Users\grace\.gradle\caches\modules-2\files-2.1\org.springdoc\springdoc-openapi-starter-common\2.1.0\5c66d613cf1a505be1a8b92e60a481dea2c9552c\springdoc-openapi-starter-common-2.1.0.jar;C:\Users\grace\.gradle\caches\modules-2\files-2.1\org.springframework.boot\spring-boot-autoconfigure\3.4.5\c44ad60865ca1d0b88e576b0355e755ed28aec52\spring-boot-autoconfigure-3.4.5.jar;C:\Users\grace\.gradle\caches\modules-2\files-2.1\org.springframework.boot\spring-boot\3.4.5\414fcf9f9e0ccb961243d8f36ef8ad6d4040e745\spring-boot-3.4.5.jar;C:\Users\grace\.gradle\caches\modules-2\files-2.1\org.springframework\spring-context\6.2.6\ae08b2ec4a49ab7acb0b5eea7c309363139d54ad\spring-context-6.2.6.jar;C:\Users\grace\.gradle\caches\modules-2\files-2.1\org.springframework\spring-aop\6.2.6\ab5502a1e9694f2ecd001ecb1ee1fc46b29cfbd9\spring-aop-6.2.6.jar;C:\Users\grace\.gradle\caches\modules-2\files-2.1\org.aspectj\aspectjweaver\1.9.24\9b5aeb0cea9f958b9c57fb80e62996e95a3e9379\aspectjweaver-1.9.24.jar;C:\Users\grace\.gradle\caches\modules-2\files-2.1\org.thymeleaf\thymeleaf-spring6\3.1.3.RELEASE\4b276ea2bd536a18e44b40ff1d9f4848965ff59c\thymeleaf-spring6-3.1.3.RELEASE.jar;C:\Users\grace\.gradle\caches\modules-2\files-2.1\org.mybatis\mybatis\3.5.14\d94d2267d1caf1c31748123e671dcea5ad1a6f8\mybatis-3.5.14.jar;C:\Users\grace\.gradle\caches\modules-2\files-2.1\org.mybatis\mybatis-spring\3.0.3\5a4ab31bfb62bca615b39ade93de2a607e9b9403\mybatis-spring-3.0.3.jar;C:\Users\grace\.gradle\caches\modules-2\files-2.1\org.eclipse.angus\jakarta.mail\2.0.3\3dea6aeee9603f573687b0d4da5dc1316d921bb7\jakarta.mail-2.0.3.jar;C:\Users\grace\.gradle\caches\modules-2\files-2.1\org.springframework.boot\spring-boot-starter-logging\3.4.5\f4821c3181ef6dfbbc5305ebf5a3ed2c5493ef14\spring-boot-starter-logging-3.4.5.jar;C:\Users\grace\.gradle\caches\modules-2\files-2.1\jakarta.annotation\jakarta.annotation-api\2.1.1\48b9bda22b091b1f48b13af03fe36db3be6e1ae3\jakarta.annotation-api-2.1.1.jar;C:\Users\grace\.gradle\caches\modules-2\files-2.1\org.springframework\spring-orm\6.2.6\b579360aaab1e52ec95d0538cc3c89fa8689485d\spring-orm-6.2.6.jar;C:\Users\grace\.gradle\caches\modules-2\files-2.1\org.springframework\spring-jdbc\6.2.6\529137b0f92d8cfd13876e6aa8df9088246b4755\spring-jdbc-6.2.6.jar;C:\Users\grace\.gradle\caches\modules-2\files-2.1\org.springframework.data\spring-data-commons\3.4.5\bad5044a4d2f322ff939247ff448d4322c6b7d5d\spring-data-commons-3.4.5.jar;C:\Users\grace\.gradle\caches\modules-2\files-2.1\org.springframework\spring-tx\6.2.6\fb46b2d651a6c509625bc6e7e38865137f658eca\spring-tx-6.2.6.jar;C:\Users\grace\.gradle\caches\modules-2\files-2.1\org.springframework\spring-beans\6.2.6\d43abe3b5765748210c511043b1d4904ca216a9f\spring-beans-6.2.6.jar;C:\Users\grace\.gradle\caches\modules-2\files-2.1\org.springframework\spring-expression\6.2.6\d9efc768cfda1d97c8fe769a9d50f936eb7f18e2\spring-expression-6.2.6.jar;C:\Users\grace\.gradle\caches\modules-2\files-2.1\org.springframework\spring-core\6.2.6\4639dac5fc46cb6a9f6eb2709decfb90313e0f2c\spring-core-6.2.6.jar;C:\Users\grace\.gradle\caches\modules-2\files-2.1\io.swagger.core.v3\swagger-core-jakarta\2.2.9\c6a36f687fb5fc7160469b8b69463e270024e3e2\swagger-core-jakarta-2.2.9.jar;C:\Users\grace\.gradle\caches\modules-2\files-2.1\com.fasterxml.jackson.datatype\jackson-datatype-jdk8\2.18.3\621558295660935134b171ce2b0d9ad6842ec2ff\jackson-datatype-jdk8-2.18.3.jar;C:\Users\grace\.gradle\caches\modules-2\files-2.1\com.fasterxml.jackson.datatype\jackson-datatype-jsr310\2.18.3\cc57924cccf42fc852081c36215272f84ffcd991\jackson-datatype-jsr310-2.18.3.jar;C:\Users\grace\.gradle\caches\modules-2\files-2.1\com.fasterxml.jackson.module\jackson-module-parameter-names\2.18.3\fa63ae5eb3956b1a6d7a7ead2b513af89dea22e7\jackson-module-parameter-names-2.18.3.jar;C:\Users\grace\.gradle\caches\modules-2\files-2.1\com.fasterxml.jackson.core\jackson-databind\2.18.3\537e3886263e3b3464385040453e92567fd509e2\jackson-databind-2.18.3.jar;C:\Users\grace\.gradle\caches\modules-2\files-2.1\io.swagger.core.v3\swagger-models-jakarta\2.2.9\29f6936e387e42762bdab01938b848a16ead0821\swagger-models-jakarta-2.2.9.jar;C:\Users\grace\.gradle\caches\modules-2\files-2.1\com.fasterxml.jackson.core\jackson-annotations\2.18.3\7fa21cf7da4598f8240e4ebd9779249622af1acd\jackson-annotations-2.18.3.jar;C:\Users\grace\.gradle\caches\modules-2\files-2.1\com.fasterxml.jackson.core\jackson-core\2.18.3\78f80c259268200e588aa204dd97ecf09b76916e\jackson-core-2.18.3.jar;C:\Users\grace\.gradle\caches\modules-2\files-2.1\com.fasterxml.jackson.dataformat\jackson-dataformat-yaml\2.18.3\66658356a375664262c227dad09adc51dbc09c54\jackson-dataformat-yaml-2.18.3.jar;C:\Users\grace\.gradle\caches\modules-2\files-2.1\org.yaml\snakeyaml\2.3\936b36210e27320f920536f695cf1af210c44586\snakeyaml-2.3.jar;C:\Users\grace\.gradle\caches\modules-2\files-2.1\org.apache.tomcat.embed\tomcat-embed-websocket\10.1.40\ffdcf96aa28e77858644f4db100e8de896ba58e3\tomcat-embed-websocket-10.1.40.jar;C:\Users\grace\.gradle\caches\modules-2\files-2.1\org.apache.tomcat.embed\tomcat-embed-core\10.1.40\fc1c09b726336dc6f7dde0408cebb1a56a3a28d3\tomcat-embed-core-10.1.40.jar;C:\Users\grace\.gradle\caches\modules-2\files-2.1\io.micrometer\micrometer-observation\1.14.6\3ba55114eb3f2b33431ce6cf80c6114cf2b21c9\micrometer-observation-1.14.6.jar;C:\Users\grace\.gradle\caches\modules-2\files-2.1\com.zaxxer\HikariCP\5.1.0\8c96e36c14461fc436bb02b264b96ef3ca5dca8c\HikariCP-5.1.0.jar;C:\Users\grace\.gradle\caches\modules-2\files-2.1\jakarta.persistence\jakarta.persistence-api\3.1.0\66901fa1c373c6aff65c13791cc11da72060a8d6\jakarta.persistence-api-3.1.0.jar;C:\Users\grace\.gradle\caches\modules-2\files-2.1\jakarta.transaction\jakarta.transaction-api\2.0.1\51a520e3fae406abb84e2e1148e6746ce3f80a1a\jakarta.transaction-api-2.0.1.jar;C:\Users\grace\.gradle\caches\modules-2\files-2.1\org.antlr\antlr4-runtime\4.13.0\5a02e48521624faaf5ff4d99afc88b01686af655\antlr4-runtime-4.13.0.jar;C:\Users\grace\.gradle\caches\modules-2\files-2.1\org.thymeleaf\thymeleaf\3.1.3.RELEASE\51474f2a90b282ee97dabcd159c7faf24790f373\thymeleaf-3.1.3.RELEASE.jar;C:\Users\grace\.gradle\caches\modules-2\files-2.1\ch.qos.logback\logback-classic\1.5.18\fc371f3fc97a639de2d67947cffb7518ec5e3d40\logback-classic-1.5.18.jar;C:\Users\grace\.gradle\caches\modules-2\files-2.1\org.apache.logging.log4j\log4j-to-slf4j\2.24.3\da1143e2a2531ee1c2d90baa98eb50a28a39d5a7\log4j-to-slf4j-2.24.3.jar;C:\Users\grace\.gradle\caches\modules-2\files-2.1\org.slf4j\jul-to-slf4j\2.0.17\524cb6ccc2b68a57604750e1ab8b13b5a786a6aa\jul-to-slf4j-2.0.17.jar;C:\Users\grace\.gradle\caches\modules-2\files-2.1\org.slf4j\slf4j-api\2.0.17\d9e58ac9c7779ba3bf8142aff6c830617a7fe60f\slf4j-api-2.0.17.jar;C:\Users\grace\.gradle\caches\modules-2\files-2.1\jakarta.validation\jakarta.validation-api\3.0.2\92b6631659ba35ca09e44874d3eb936edfeee532\jakarta.validation-api-3.0.2.jar;C:\Users\grace\.gradle\caches\modules-2\files-2.1\org.jboss.logging\jboss-logging\3.6.1.Final\886afbb445b4016a37c8960a7aef6ebd769ce7e5\jboss-logging-3.6.1.Final.jar;C:\Users\grace\.gradle\caches\modules-2\files-2.1\com.fasterxml\classmate\1.7.0\e98374da1f2143ac8e6e0a95036994bb19137a3\classmate-1.7.0.jar;C:\Users\grace\.gradle\caches\modules-2\files-2.1\jakarta.xml.bind\jakarta.xml.bind-api\4.0.2\6cd5a999b834b63238005b7144136379dc36cad2\jakarta.xml.bind-api-4.0.2.jar;C:\Users\grace\.gradle\caches\modules-2\files-2.1\jakarta.activation\jakarta.activation-api\2.1.3\fa165bd70cda600368eee31555222776a46b881f\jakarta.activation-api-2.1.3.jar;C:\Users\grace\.gradle\caches\modules-2\files-2.1\org.springframework\spring-jcl\6.2.6\f4468f33de0015179abb6055964801bc962f8d51\spring-jcl-6.2.6.jar;C:\Users\grace\.gradle\caches\modules-2\files-2.1\io.micrometer\micrometer-commons\1.14.6\1a6595762c77bd8401cf51aa11bac8e4fa747545\micrometer-commons-1.14.6.jar;C:\Users\grace\.gradle\caches\modules-2\files-2.1\org.attoparser\attoparser\2.0.7.RELEASE\e5d0e988d9124139d645bb5872b24dfa23e283cc\attoparser-2.0.7.RELEASE.jar;C:\Users\grace\.gradle\caches\modules-2\files-2.1\org.unbescape\unbescape\1.1.6.RELEASE\7b90360afb2b860e09e8347112800d12c12b2a13\unbescape-1.1.6.RELEASE.jar;C:\Users\grace\.gradle\caches\modules-2\files-2.1\ch.qos.logback\logback-core\1.5.18\6c0375624f6f36b4e089e2488ba21334a11ef13f\logback-core-1.5.18.jar;C:\Users\grace\.gradle\caches\modules-2\files-2.1\org.apache.logging.log4j\log4j-api\2.24.3\b02c125db8b6d295adf72ae6e71af5d83bce2370\log4j-api-2.24.3.jar;C:\Users\grace\.gradle\caches\modules-2\files-2.1\org.apache.commons\commons-lang3\3.17.0\b17d2136f0460dcc0d2016ceefca8723bdf4ee70\commons-lang3-3.17.0.jar;C:\Users\grace\.gradle\caches\modules-2\files-2.1\io.swagger.core.v3\swagger-annotations-jakarta\2.2.9\63d247840bb786dd37edd9dd5f3916aba545b44\swagger-annotations-jakarta-2.2.9.jar;C:\Users\grace\.gradle\caches\modules-2\files-2.1\org.springframework.boot\spring-boot-devtools\3.4.5\e550ba7011bb36dde3cafb1d1d88b655657bf2e2\spring-boot-devtools-3.4.5.jar;C:\Users\grace\.gradle\caches\modules-2\files-2.1\com.mysql\mysql-connector-j\9.1.0\5fb1d513278e1a9767dfa80ea9d8d7ee909f1a\mysql-connector-j-9.1.0.jar;C:\Users\grace\.gradle\caches\modules-2\files-2.1\org.hibernate.common\hibernate-commons-annotations\7.0.3.Final\e183c4be8bb41d12e9f19b374e00c34a0a85f439\hibernate-commons-annotations-7.0.3.Final.jar;C:\Users\grace\.gradle\caches\modules-2\files-2.1\io.smallrye\jandex\3.2.0\f17ad860f62a08487b9edabde608f8ac55c62fa7\jandex-3.2.0.jar;C:\Users\grace\.gradle\caches\modules-2\files-2.1\net.bytebuddy\byte-buddy\1.15.11\f61886478e0f9ee4c21d09574736f0ff45e0a46c\byte-buddy-1.15.11.jar;C:\Users\grace\.gradle\caches\modules-2\files-2.1\org.glassfish.jaxb\jaxb-runtime\4.0.5\ca84c2a7169b5293e232b9d00d1e4e36d4c3914a\jaxb-runtime-4.0.5.jar;C:\Users\grace\.gradle\caches\modules-2\files-2.1\org.glassfish.jaxb\jaxb-core\4.0.5\7b4b11ea5542eea4ad55e1080b23be436795b3\jaxb-core-4.0.5.jar;C:\Users\grace\.gradle\caches\modules-2\files-2.1\jakarta.inject\jakarta.inject-api\2.0.1\4c28afe1991a941d7702fe1362c365f0a8641d1e\jakarta.inject-api-2.0.1.jar;C:\Users\grace\.gradle\caches\modules-2\files-2.1\org.eclipse.angus\angus-activation\2.0.2\41f1e0ddd157c856926ed149ab837d110955a9fc\angus-activation-2.0.2.jar;C:\Users\grace\.gradle\caches\modules-2\files-2.1\org.glassfish.jaxb\txw2\4.0.5\f36a4ef12120a9bb06d766d6a0e54b144fd7ed98\txw2-4.0.5.jar;C:\Users\grace\.gradle\caches\modules-2\files-2.1\com.sun.istack\istack-commons-runtime\4.1.2\18ec117c85f3ba0ac65409136afa8e42bc74e739\istack-commons-runtime-4.1.2.jar
Launcher Type: SUN_STANDARD

[Global flags]
     intx CICompilerCount                          = 4                                         {product} {ergonomic}
     uint ConcGCThreads                            = 3                                         {product} {ergonomic}
     uint G1ConcRefinementThreads                  = 10                                        {product} {ergonomic}
   size_t G1HeapRegionSize                         = 2097152                                   {product} {ergonomic}
    uintx GCDrainStackTargetSize                   = 64                                        {product} {ergonomic}
   size_t InitialHeapSize                          = 192937984                                 {product} {ergonomic}
     bool ManagementServer                         = true                                      {product} {command line}
   size_t MarkStackSize                            = 4194304                                   {product} {ergonomic}
   size_t MaxHeapSize                              = 3057647616                                {product} {ergonomic}
   size_t MaxNewSize                               = 1832910848                                {product} {ergonomic}
   size_t MinHeapDeltaBytes                        = 2097152                                   {product} {ergonomic}
   size_t MinHeapSize                              = 8388608                                   {product} {ergonomic}
    uintx NonNMethodCodeHeapSize                   = 4096                                   {pd product} {ergonomic}
    uintx NonProfiledCodeHeapSize                  = 0                                      {pd product} {ergonomic}
     bool ProfileInterpreter                       = false                                  {pd product} {command line}
    uintx ProfiledCodeHeapSize                     = 0                                      {pd product} {ergonomic}
     bool ShowCodeDetailsInExceptionMessages       = true                                   {manageable} {command line}
   size_t SoftMaxHeapSize                          = 3057647616                             {manageable} {ergonomic}
     intx TieredStopAtLevel                        = 1                                         {product} {command line}
     bool UseCompressedOops                        = true                           {product lp64_product} {ergonomic}
     bool UseG1GC                                  = true                                      {product} {ergonomic}
     bool UseLargePagesIndividualAllocation        = false                                  {pd product} {ergonomic}

Logging:
Log output configuration:
 #0: stdout all=warning uptime,level,tags foldmultilines=false
 #1: stderr all=off uptime,level,tags foldmultilines=false

Environment Variables:
PATH=C:/STS4/STS4//plugins/org.eclipse.justj.openjdk.hotspot.jre.full.win32.x86_64_21.0.6.v20250130-0529/jre/bin/server;C:/STS4/STS4//plugins/org.eclipse.justj.openjdk.hotspot.jre.full.win32.x86_64_21.0.6.v20250130-0529/jre/bin;C:\oracle\18.0.0\dbhomeXE\bin;C:\Program Files\Common Files\Oracle\Java\javapath;C:\WINDOWS\system32;C:\WINDOWS;C:\WINDOWS\System32\Wbem;C:\WINDOWS\System32\WindowsPowerShell\v1.0\;C:\WINDOWS\System32\OpenSSH\;C:\Program Files\dotnet\;C:\WINDOWS\AtlasModules;C:\WINDOWS\AtlasModules\Tools;C:\WINDOWS\AtlasModules\Scripts;C:\Program Files\nodejs\;C:\Program Files\PuTTY\;C:\Program Files\Git\cmd;C:\Users\grace\AppData\Local\Microsoft\WindowsApps;C:\Users\grace\AppData\Local\SOOP;C:\Users\grace\AppData\Local\Programs\Microsoft VS Code\bin;C:\Users\grace\AppData\Roaming\npm;C:\Users\grace\AppData\Local\GitHubDesktop\bin;C:\STS4\STS4;
USERNAME=gracekings1
OS=Windows_NT
PROCESSOR_IDENTIFIER=AMD64 Family 23 Model 104 Stepping 1, AuthenticAMD
TMP=C:\Users\grace\AppData\Local\Temp
TEMP=C:\Users\grace\AppData\Local\Temp




Periodic native trim disabled

---------------  S Y S T E M  ---------------

OS:
 Windows 11 , 64 bit Build 26100 (10.0.26100.3775)
OS uptime: 11 days 18:09 hours

CPU: total 12 (initial active 12) (12 cores per cpu, 2 threads per core) family 23 model 104 stepping 1 microcode 0x8608103, cx8, cmov, fxsr, ht, mmx, 3dnowpref, sse, sse2, sse3, ssse3, sse4a, sse4.1, sse4.2, popcnt, lzcnt, tsc, tscinvbit, avx, avx2, aes, clmul, bmi1, bmi2, adx, sha, fma, vzeroupper, clflush, clflushopt, rdtscp, rdpid, f16c
Processor Information for the first 12 processors :
  Max Mhz: 2100, Current Mhz: 2100, Mhz Limit: 2100

Memory: 4k page, system-wide physical 11659M (667M free)
TotalPageFile size 48523M (AvailPageFile size 12M)
current process WorkingSet (physical memory assigned to process): 310M, peak: 310M
current process commit charge ("private bytes"): 413M, peak: 457M

vm_info: OpenJDK 64-Bit Server VM (21.0.6+7-LTS) for windows-amd64 JRE (21.0.6+7-LTS), built on 2025-01-21T00:00:00Z by "admin" with MS VC++ 17.7 (VS2022)

END.
